-- Logs begin at lun 2017-10-16 13:10:35 CEST, end at jue 2017-10-19 20:43:57 CEST. --
oct 19 22:41:34 NR021AA systemd-journald[158]: Runtime journal (/run/log/journal/) is 8.0M, max 187.6M, 179.6M free.
oct 19 22:41:34 NR021AA kernel: Linux version 4.11.12-100.fc24.x86_64 (mockbuild@bkernel02.phx2.fedoraproject.org) (gcc version 6.3.1 20161221 (Red Hat 6.3.1-1) (GCC) ) #1 SMP Fri Jul 21 17:35:20 UTC 2017
oct 19 22:41:34 NR021AA kernel: Command line: placeholder root=UUID=c65a12a2-b2c1-4907-bc9c-4102348419af ro rootflags=subvol=root rd.lvm.lv=f24/swap usbhid.quirks=0x1B1C:0x1B13:0x20000408
oct 19 22:41:34 NR021AA kernel: x86/fpu: Supporting XSAVE feature 0x001: 'x87 floating point registers'
oct 19 22:41:34 NR021AA kernel: x86/fpu: Supporting XSAVE feature 0x002: 'SSE registers'
oct 19 22:41:34 NR021AA kernel: x86/fpu: Enabled xstate features 0x3, context size is 576 bytes, using 'standard' format.
oct 19 22:41:34 NR021AA kernel: Released 0 page(s)
oct 19 22:41:34 NR021AA kernel: e820: BIOS-provided physical RAM map:
oct 19 22:41:34 NR021AA kernel: Xen: [mem 0x0000000000000000-0x000000000009efff] usable
oct 19 22:41:34 NR021AA kernel: Xen: [mem 0x000000000009f400-0x00000000000fffff] reserved
oct 19 22:41:34 NR021AA kernel: Xen: [mem 0x0000000000100000-0x00000000cfe8ffff] usable
oct 19 22:41:34 NR021AA kernel: Xen: [mem 0x00000000cfe90000-0x00000000cfee2fff] ACPI NVS
oct 19 22:41:34 NR021AA kernel: Xen: [mem 0x00000000cfee3000-0x00000000cfeeffff] ACPI data
oct 19 22:41:34 NR021AA kernel: Xen: [mem 0x00000000cfef0000-0x00000000cfefffff] reserved
oct 19 22:41:34 NR021AA kernel: Xen: [mem 0x00000000e0000000-0x00000000efffffff] reserved
oct 19 22:41:34 NR021AA kernel: Xen: [mem 0x00000000fec00000-0x00000000ffffffff] reserved
oct 19 22:41:34 NR021AA kernel: Xen: [mem 0x0000000100000000-0x000000012fffffff] usable
oct 19 22:41:34 NR021AA kernel: NX (Execute Disable) protection: active
oct 19 22:41:34 NR021AA kernel: SMBIOS 2.5 present.
oct 19 22:41:34 NR021AA kernel: DMI: HP-Pavilion NR021AA-ABE p6027es/Boston, BIOS 5.19 03/06/2009
oct 19 22:41:34 NR021AA kernel: Hypervisor detected: Xen
oct 19 22:41:34 NR021AA kernel: e820: update [mem 0x00000000-0x00000fff] usable ==> reserved
oct 19 22:41:34 NR021AA kernel: e820: remove [mem 0x000a0000-0x000fffff] usable
oct 19 22:41:34 NR021AA kernel: e820: last_pfn = 0x130000 max_arch_pfn = 0x400000000
oct 19 22:41:34 NR021AA kernel: MTRR: Disabled
oct 19 22:41:34 NR021AA kernel: x86/PAT: MTRRs disabled, skipping PAT initialization too.
oct 19 22:41:34 NR021AA kernel: x86/PAT: Configuration [0-7]: WB  WT  UC- UC  WC  WP  UC  UC  
oct 19 22:41:34 NR021AA kernel: e820: last_pfn = 0xcfe90 max_arch_pfn = 0x400000000
oct 19 22:41:34 NR021AA kernel: Base memory trampoline at [ffff880000099000] 99000 size 24576
oct 19 22:41:34 NR021AA kernel: BRK [0x02386000, 0x02386fff] PGTABLE
oct 19 22:41:34 NR021AA kernel: BRK [0x02387000, 0x02387fff] PGTABLE
oct 19 22:41:34 NR021AA kernel: BRK [0x02388000, 0x02388fff] PGTABLE
oct 19 22:41:34 NR021AA kernel: BRK [0x02389000, 0x02389fff] PGTABLE
oct 19 22:41:34 NR021AA kernel: BRK [0x0238a000, 0x0238afff] PGTABLE
oct 19 22:41:34 NR021AA kernel: BRK [0x0238b000, 0x0238bfff] PGTABLE
oct 19 22:41:34 NR021AA kernel: BRK [0x0238c000, 0x0238cfff] PGTABLE
oct 19 22:41:34 NR021AA kernel: BRK [0x0238d000, 0x0238dfff] PGTABLE
oct 19 22:41:34 NR021AA kernel: BRK [0x0238e000, 0x0238efff] PGTABLE
oct 19 22:41:34 NR021AA kernel: BRK [0x0238f000, 0x0238ffff] PGTABLE
oct 19 22:41:34 NR021AA kernel: BRK [0x02390000, 0x02390fff] PGTABLE
oct 19 22:41:34 NR021AA kernel: BRK [0x02391000, 0x02391fff] PGTABLE
oct 19 22:41:34 NR021AA kernel: RAMDISK: [mem 0x04000000-0x0550efff]
oct 19 22:41:34 NR021AA kernel: ACPI: Early table checksum verification disabled
oct 19 22:41:34 NR021AA kernel: ACPI: RSDP 0x00000000000F8300 000024 (v02 HPQOEM)
oct 19 22:41:34 NR021AA kernel: ACPI: XSDT 0x00000000CFEE3080 000054 (v01 HPQOEM SLIC-CPC 42302E31 AWRD 00000000)
oct 19 22:41:34 NR021AA kernel: ACPI: FACP 0x00000000CFEE7300 0000F4 (v03 HPQOEM SLIC-CPC 42302E31 AWRD 00000000)
oct 19 22:41:34 NR021AA kernel: ACPI BIOS Warning (bug): 32/64X length mismatch in FADT/Pm1aEventBlock: 32/8 (20170119/tbfadt-603)
oct 19 22:41:34 NR021AA kernel: ACPI BIOS Warning (bug): 32/64X length mismatch in FADT/Pm1aControlBlock: 16/8 (20170119/tbfadt-603)
oct 19 22:41:34 NR021AA kernel: ACPI BIOS Warning (bug): 32/64X length mismatch in FADT/PmTimerBlock: 32/8 (20170119/tbfadt-603)
oct 19 22:41:34 NR021AA kernel: ACPI BIOS Warning (bug): 32/64X length mismatch in FADT/Gpe0Block: 64/8 (20170119/tbfadt-603)
oct 19 22:41:34 NR021AA kernel: ACPI BIOS Warning (bug): Invalid length for FADT/Pm1aEventBlock: 8, using default 32 (20170119/tbfadt-708)
oct 19 22:41:34 NR021AA kernel: ACPI BIOS Warning (bug): Invalid length for FADT/Pm1aControlBlock: 8, using default 16 (20170119/tbfadt-708)
oct 19 22:41:34 NR021AA kernel: ACPI BIOS Warning (bug): Invalid length for FADT/PmTimerBlock: 8, using default 32 (20170119/tbfadt-708)
oct 19 22:41:34 NR021AA kernel: ACPI: DSDT 0x00000000CFEE3240 004097 (v01 HPQOEM SLIC-CPC 00001000 MSFT 03000000)
oct 19 22:41:34 NR021AA kernel: ACPI: FACS 0x00000000CFE90000 000040
oct 19 22:41:34 NR021AA kernel: ACPI: FACS 0x00000000CFE90000 000040
oct 19 22:41:34 NR021AA kernel: ACPI: SLIC 0x00000000CFEE74C0 000176 (v01 HPQOEM SLIC-CPC 42302E31 AWRD 00000000)
oct 19 22:41:34 NR021AA kernel: ACPI: HPET 0x00000000CFEE7740 000038 (v01 HPQOEM SLIC-CPC 42302E31 AWRD 00000098)
oct 19 22:41:34 NR021AA kernel: ACPI: MCFG 0x00000000CFEE7780 00003C (v01 HPQOEM SLIC-CPC 42302E31 AWRD 00000000)
oct 19 22:41:34 NR021AA kernel: ACPI: APIC 0x00000000CFEE7400 000084 (v01 HPQOEM SLIC-CPC 42302E31 AWRD 00000000)
oct 19 22:41:34 NR021AA kernel: ACPI: SSDT 0x00000000CFEE7E20 000380 (v01 HPQOEM SLIC-CPC 00003000 INTL 20041203)
oct 19 22:41:34 NR021AA kernel: ACPI: Local APIC address 0xfee00000
oct 19 22:41:34 NR021AA kernel: Setting APIC routing to Xen PV.
oct 19 22:41:34 NR021AA kernel: NUMA turned off
oct 19 22:41:34 NR021AA kernel: Faking a node at [mem 0x0000000000000000-0x000000012fffffff]
oct 19 22:41:34 NR021AA kernel: NODE_DATA(0) allocated [mem 0xcf681000-0xcf6abfff]
oct 19 22:41:34 NR021AA kernel: Zone ranges:
oct 19 22:41:34 NR021AA kernel:   DMA      [mem 0x0000000000001000-0x0000000000ffffff]
oct 19 22:41:34 NR021AA kernel:   DMA32    [mem 0x0000000001000000-0x00000000ffffffff]
oct 19 22:41:34 NR021AA kernel:   Normal   [mem 0x0000000100000000-0x000000012fffffff]
oct 19 22:41:34 NR021AA kernel:   Device   empty
oct 19 22:41:34 NR021AA kernel: Movable zone start for each node
oct 19 22:41:34 NR021AA kernel: Early memory node ranges
oct 19 22:41:34 NR021AA kernel:   node   0: [mem 0x0000000000001000-0x000000000009efff]
oct 19 22:41:34 NR021AA kernel:   node   0: [mem 0x0000000000100000-0x00000000cfe8ffff]
oct 19 22:41:34 NR021AA kernel:   node   0: [mem 0x0000000100000000-0x000000012fffffff]
oct 19 22:41:34 NR021AA kernel: Initmem setup node 0 [mem 0x0000000000001000-0x000000012fffffff]
oct 19 22:41:34 NR021AA kernel: On node 0 totalpages: 1048110
oct 19 22:41:34 NR021AA kernel:   DMA zone: 64 pages used for memmap
oct 19 22:41:34 NR021AA kernel:   DMA zone: 21 pages reserved
oct 19 22:41:34 NR021AA kernel:   DMA zone: 3998 pages, LIFO batch:0
oct 19 22:41:34 NR021AA kernel:   DMA32 zone: 13243 pages used for memmap
oct 19 22:41:34 NR021AA kernel:   DMA32 zone: 847504 pages, LIFO batch:31
oct 19 22:41:34 NR021AA kernel:   Normal zone: 3072 pages used for memmap
oct 19 22:41:34 NR021AA kernel:   Normal zone: 196608 pages, LIFO batch:31
oct 19 22:41:34 NR021AA kernel: p2m virtual area at ffffc90000000000, size is a00000
oct 19 22:41:34 NR021AA kernel: Remapped 150692 page(s)
oct 19 22:41:34 NR021AA kernel: ACPI: PM-Timer IO Port: 0x408
oct 19 22:41:34 NR021AA kernel: ACPI: Local APIC address 0xfee00000
oct 19 22:41:34 NR021AA kernel: ACPI: LAPIC_NMI (acpi_id[0x00] high edge lint[0x1])
oct 19 22:41:34 NR021AA kernel: ACPI: LAPIC_NMI (acpi_id[0x01] high edge lint[0x1])
oct 19 22:41:34 NR021AA kernel: ACPI: LAPIC_NMI (acpi_id[0x02] high edge lint[0x1])
oct 19 22:41:34 NR021AA kernel: ACPI: LAPIC_NMI (acpi_id[0x03] high edge lint[0x1])
oct 19 22:41:34 NR021AA kernel: IOAPIC[0]: apic_id 4, version 32, address 0xfec00000, GSI 0-23
oct 19 22:41:34 NR021AA kernel: ACPI: INT_SRC_OVR (bus 0 bus_irq 0 global_irq 2 dfl dfl)
oct 19 22:41:34 NR021AA kernel: ACPI: INT_SRC_OVR (bus 0 bus_irq 9 global_irq 9 high level)
oct 19 22:41:34 NR021AA kernel: ACPI: IRQ0 used by override.
oct 19 22:41:34 NR021AA kernel: ACPI: IRQ9 used by override.
oct 19 22:41:34 NR021AA kernel: Using ACPI (MADT) for SMP configuration information
oct 19 22:41:34 NR021AA kernel: ACPI: HPET id: 0x8086a201 base: 0xfed00000
oct 19 22:41:34 NR021AA kernel: smpboot: Allowing 4 CPUs, 2 hotplug CPUs
oct 19 22:41:34 NR021AA kernel: PM: Registered nosave memory: [mem 0x00000000-0x00000fff]
oct 19 22:41:34 NR021AA kernel: PM: Registered nosave memory: [mem 0x0009f000-0x0009ffff]
oct 19 22:41:34 NR021AA kernel: PM: Registered nosave memory: [mem 0x000a0000-0x000fffff]
oct 19 22:41:34 NR021AA kernel: PM: Registered nosave memory: [mem 0xcfe90000-0xcfee2fff]
oct 19 22:41:34 NR021AA kernel: PM: Registered nosave memory: [mem 0xcfee3000-0xcfeeffff]
oct 19 22:41:34 NR021AA kernel: PM: Registered nosave memory: [mem 0xcfef0000-0xcfefffff]
oct 19 22:41:34 NR021AA kernel: PM: Registered nosave memory: [mem 0xcff00000-0xdfffffff]
oct 19 22:41:34 NR021AA kernel: PM: Registered nosave memory: [mem 0xe0000000-0xefffffff]
oct 19 22:41:34 NR021AA kernel: PM: Registered nosave memory: [mem 0xf0000000-0xfebfffff]
oct 19 22:41:34 NR021AA kernel: PM: Registered nosave memory: [mem 0xfec00000-0xffffffff]
oct 19 22:41:34 NR021AA kernel: e820: [mem 0xcff00000-0xdfffffff] available for PCI devices
oct 19 22:41:34 NR021AA kernel: Booting paravirtualized kernel on Xen
oct 19 22:41:34 NR021AA kernel: Xen version: 4.6.6 (preserve-AD)
oct 19 22:41:34 NR021AA kernel: clocksource: refined-jiffies: mask: 0xffffffff max_cycles: 0xffffffff, max_idle_ns: 1910969940391419 ns
oct 19 22:41:34 NR021AA kernel: setup_percpu: NR_CPUS:8192 nr_cpumask_bits:4 nr_cpu_ids:4 nr_node_ids:1
oct 19 22:41:34 NR021AA kernel: percpu: Embedded 36 pages/cpu @ffff880124a00000 s108952 r8192 d30312 u524288
oct 19 22:41:34 NR021AA kernel: pcpu-alloc: s108952 r8192 d30312 u524288 alloc=1*2097152
oct 19 22:41:34 NR021AA kernel: pcpu-alloc: [0] 0 1 2 3 
oct 19 22:41:34 NR021AA kernel: Built 1 zonelists in Node order, mobility grouping on.  Total pages: 1031710
oct 19 22:41:34 NR021AA kernel: Policy zone: Normal
oct 19 22:41:34 NR021AA kernel: Kernel command line: placeholder root=UUID=c65a12a2-b2c1-4907-bc9c-4102348419af ro rootflags=subvol=root rd.lvm.lv=f24/swap usbhid.quirks=0x1B1C:0x1B13:0x20000408
oct 19 22:41:34 NR021AA kernel: PID hash table entries: 4096 (order: 3, 32768 bytes)
oct 19 22:41:34 NR021AA kernel: software IO TLB [mem 0x120a00000-0x124a00000] (64MB) mapped at [ffff880120a00000-ffff8801249fffff]
oct 19 22:41:34 NR021AA kernel: Memory: 3818216K/4192440K available (8702K kernel code, 1668K rwdata, 3604K rodata, 2124K init, 1816K bss, 374224K reserved, 0K cma-reserved)
oct 19 22:41:34 NR021AA kernel: SLUB: HWalign=64, Order=0-3, MinObjects=0, CPUs=2, Nodes=1
oct 19 22:41:34 NR021AA kernel: Hierarchical RCU implementation.
oct 19 22:41:34 NR021AA kernel:         Build-time adjustment of leaf fanout to 64.
oct 19 22:41:34 NR021AA kernel:         RCU restricting CPUs from NR_CPUS=8192 to nr_cpu_ids=2.
oct 19 22:41:34 NR021AA kernel: RCU: Adjusting geometry for rcu_fanout_leaf=64, nr_cpu_ids=2
oct 19 22:41:34 NR021AA kernel: Using NULL legacy PIC
oct 19 22:41:34 NR021AA kernel: NR_IRQS:524544 nr_irqs:440 0
oct 19 22:41:34 NR021AA kernel: xen:events: Using FIFO-based ABI
oct 19 22:41:34 NR021AA kernel: xen: --> pirq=1 -> irq=1 (gsi=1)
oct 19 22:41:34 NR021AA kernel: xen: --> pirq=2 -> irq=2 (gsi=2)
oct 19 22:41:34 NR021AA kernel: xen: --> pirq=3 -> irq=3 (gsi=3)
oct 19 22:41:34 NR021AA kernel: xen: --> pirq=4 -> irq=4 (gsi=4)
oct 19 22:41:34 NR021AA kernel: xen: --> pirq=5 -> irq=5 (gsi=5)
oct 19 22:41:34 NR021AA kernel: xen: --> pirq=6 -> irq=6 (gsi=6)
oct 19 22:41:34 NR021AA kernel: xen: --> pirq=7 -> irq=7 (gsi=7)
oct 19 22:41:34 NR021AA kernel: xen: --> pirq=8 -> irq=8 (gsi=8)
oct 19 22:41:34 NR021AA kernel: xen: --> pirq=9 -> irq=9 (gsi=9)
oct 19 22:41:34 NR021AA kernel: xen: --> pirq=10 -> irq=10 (gsi=10)
oct 19 22:41:34 NR021AA kernel: xen: --> pirq=11 -> irq=11 (gsi=11)
oct 19 22:41:34 NR021AA kernel: xen: --> pirq=12 -> irq=12 (gsi=12)
oct 19 22:41:34 NR021AA kernel: xen: --> pirq=13 -> irq=13 (gsi=13)
oct 19 22:41:34 NR021AA kernel: xen: --> pirq=14 -> irq=14 (gsi=14)
oct 19 22:41:34 NR021AA kernel: xen: --> pirq=15 -> irq=15 (gsi=15)
oct 19 22:41:34 NR021AA kernel:         Offload RCU callbacks from all CPUs
oct 19 22:41:34 NR021AA kernel:         Offload RCU callbacks from CPUs: 0-1.
oct 19 22:41:34 NR021AA kernel: Console: colour VGA+ 80x25
oct 19 22:41:34 NR021AA kernel: console [tty0] enabled
oct 19 22:41:34 NR021AA kernel: clocksource: xen: mask: 0xffffffffffffffff max_cycles: 0x1cd42e4dffb, max_idle_ns: 881590591483 ns
oct 19 22:41:34 NR021AA kernel: Xen: using vcpuop timer interface
oct 19 22:41:34 NR021AA kernel: installing Xen timer for CPU 0
oct 19 22:41:34 NR021AA kernel: tsc: Fast TSC calibration using PIT
oct 19 22:41:34 NR021AA kernel: tsc: Detected 3325.588 MHz processor
oct 19 22:41:34 NR021AA kernel: Calibrating delay loop (skipped), value calculated using timer frequency.. 6650.98 BogoMIPS (lpj=3325494)
oct 19 22:41:34 NR021AA kernel: pid_max: default: 32768 minimum: 301
oct 19 22:41:34 NR021AA kernel: ACPI: Core revision 20170119
oct 19 22:41:34 NR021AA kernel: ACPI: 2 ACPI AML tables successfully acquired and loaded
oct 19 22:41:34 NR021AA kernel: Security Framework initialized
oct 19 22:41:34 NR021AA kernel: Yama: becoming mindful.
oct 19 22:41:34 NR021AA kernel: SELinux:  Initializing.
oct 19 22:41:34 NR021AA kernel: SELinux:  Starting in permissive mode
oct 19 22:41:34 NR021AA kernel: Dentry cache hash table entries: 524288 (order: 10, 4194304 bytes)
oct 19 22:41:34 NR021AA kernel: Inode-cache hash table entries: 262144 (order: 9, 2097152 bytes)
oct 19 22:41:34 NR021AA kernel: Mount-cache hash table entries: 8192 (order: 4, 65536 bytes)
oct 19 22:41:34 NR021AA kernel: Mountpoint-cache hash table entries: 8192 (order: 4, 65536 bytes)
oct 19 22:41:34 NR021AA kernel: CPU: Physical Processor ID: 0
oct 19 22:41:34 NR021AA kernel: CPU: Processor Core ID: 0
oct 19 22:41:34 NR021AA kernel: mce: CPU supports 2 MCE banks
oct 19 22:41:34 NR021AA kernel: Last level iTLB entries: 4KB 128, 2MB 4, 4MB 4
oct 19 22:41:34 NR021AA kernel: Last level dTLB entries: 4KB 256, 2MB 0, 4MB 32, 1GB 0
oct 19 22:41:34 NR021AA kernel: Freeing SMP alternatives memory: 32K
oct 19 22:41:34 NR021AA kernel: ftrace: allocating 31963 entries in 125 pages
oct 19 22:41:34 NR021AA kernel: smpboot: Max logical packages: 2
oct 19 22:41:34 NR021AA kernel: VPMU disabled by hypervisor.
oct 19 22:41:34 NR021AA kernel: Performance Events: Core2 events, PMU not available due to virtualization, using software events only.
oct 19 22:41:34 NR021AA kernel: NMI watchdog: disabled (cpu0): hardware events not enabled
oct 19 22:41:34 NR021AA kernel: NMI watchdog: Shutting down hard lockup detector on all cpus
oct 19 22:41:34 NR021AA kernel: smp: Bringing up secondary CPUs ...
oct 19 22:41:34 NR021AA kernel: installing Xen timer for CPU 1
oct 19 22:41:34 NR021AA kernel: smp: Brought up 1 node, 2 CPUs
oct 19 22:41:34 NR021AA kernel: sched_clock: Marking stable (24000000, 0)->(2463732990, -2439732990)
oct 19 22:41:34 NR021AA kernel: devtmpfs: initialized
oct 19 22:41:34 NR021AA kernel: x86/mm: Memory block size: 128MB
oct 19 22:41:34 NR021AA kernel: PM: Registering ACPI NVS region [mem 0xcfe90000-0xcfee2fff] (339968 bytes)
oct 19 22:41:34 NR021AA kernel: clocksource: jiffies: mask: 0xffffffff max_cycles: 0xffffffff, max_idle_ns: 1911260446275000 ns
oct 19 22:41:34 NR021AA kernel: futex hash table entries: 512 (order: 3, 32768 bytes)
oct 19 22:41:34 NR021AA kernel: pinctrl core: initialized pinctrl subsystem
oct 19 22:41:34 NR021AA kernel: RTC time: 20:41:33, date: 10/19/17
oct 19 22:41:34 NR021AA kernel: NET: Registered protocol family 16
oct 19 22:41:34 NR021AA kernel: xen:grant_table: Grant tables using version 1 layout
oct 19 22:41:34 NR021AA kernel: Grant table initialized
oct 19 22:41:34 NR021AA kernel: PCCT header not found.
oct 19 22:41:34 NR021AA kernel: ACPI: bus type PCI registered
oct 19 22:41:34 NR021AA kernel: acpiphp: ACPI Hot Plug PCI Controller Driver version: 0.5
oct 19 22:41:34 NR021AA kernel: PCI: MMCONFIG for domain 0000 [bus 00-ff] at [mem 0xe0000000-0xefffffff] (base 0xe0000000)
oct 19 22:41:34 NR021AA kernel: PCI: MMCONFIG at [mem 0xe0000000-0xefffffff] reserved in E820
oct 19 22:41:34 NR021AA kernel: PCI: Using configuration type 1 for base access
oct 19 22:41:34 NR021AA kernel: ACPI: Added _OSI(Module Device)
oct 19 22:41:34 NR021AA kernel: ACPI: Added _OSI(Processor Device)
oct 19 22:41:34 NR021AA kernel: ACPI: Added _OSI(3.0 _SCP Extensions)
oct 19 22:41:34 NR021AA kernel: ACPI: Added _OSI(Processor Aggregator Device)
oct 19 22:41:34 NR021AA kernel: xen: registering gsi 9 triggering 0 polarity 0
oct 19 22:41:34 NR021AA kernel: ACPI: Dynamic OEM Table Load:
oct 19 22:41:34 NR021AA kernel: ACPI: SSDT 0xFFFF88011F9BD400 00026C (v01 PmRef  Cpu0Ist  00003000 INTL 20041203)
oct 19 22:41:34 NR021AA kernel: ACPI: Dynamic OEM Table Load:
oct 19 22:41:34 NR021AA kernel: ACPI: SSDT 0xFFFF88011FA0DE00 000152 (v01 PmRef  Cpu1Ist  00003000 INTL 20041203)
oct 19 22:41:34 NR021AA kernel: ACPI: Interpreter enabled
oct 19 22:41:34 NR021AA kernel: ACPI: (supports S0 S1 S3 S4 S5)
oct 19 22:41:34 NR021AA kernel: ACPI: Using IOAPIC for interrupt routing
oct 19 22:41:34 NR021AA kernel: PCI: Using host bridge windows from ACPI; if necessary, use "pci=nocrs" and report a bug
oct 19 22:41:34 NR021AA kernel: ACPI: PCI Root Bridge [PCI0] (domain 0000 [bus 00-ff])
oct 19 22:41:34 NR021AA kernel: acpi PNP0A08:00: _OSC: OS supports [ExtendedConfig ASPM ClockPM Segments MSI]
oct 19 22:41:34 NR021AA kernel: acpi PNP0A08:00: _OSC failed (AE_NOT_FOUND); disabling ASPM
oct 19 22:41:34 NR021AA kernel: PCI host bridge to bus 0000:00
oct 19 22:41:34 NR021AA kernel: pci_bus 0000:00: root bus resource [io  0x0000-0x0cf7 window]
oct 19 22:41:34 NR021AA kernel: pci_bus 0000:00: root bus resource [io  0x0d00-0xffff window]
oct 19 22:41:34 NR021AA kernel: pci_bus 0000:00: root bus resource [mem 0x000a0000-0x000bffff window]
oct 19 22:41:34 NR021AA kernel: pci_bus 0000:00: root bus resource [mem 0x000c0000-0x000dffff window]
oct 19 22:41:34 NR021AA kernel: pci_bus 0000:00: root bus resource [mem 0xcff00000-0xfebfffff window]
oct 19 22:41:34 NR021AA kernel: pci_bus 0000:00: root bus resource [bus 00-ff]
oct 19 22:41:34 NR021AA kernel: pci 0000:00:00.0: [8086:29c0] type 00 class 0x060000
oct 19 22:41:34 NR021AA kernel: pci 0000:00:01.0: [8086:29c1] type 01 class 0x060400
oct 19 22:41:34 NR021AA kernel: pci 0000:00:01.0: PME# supported from D0 D3hot D3cold
oct 19 22:41:34 NR021AA kernel: pci 0000:00:1b.0: [8086:27d8] type 00 class 0x040300
oct 19 22:41:34 NR021AA kernel: pci 0000:00:1b.0: reg 0x10: [mem 0xfdff8000-0xfdffbfff 64bit]
oct 19 22:41:34 NR021AA kernel: pci 0000:00:1b.0: PME# supported from D0 D3hot D3cold
oct 19 22:41:34 NR021AA kernel: pci 0000:00:1b.0: System wakeup disabled by ACPI
oct 19 22:41:34 NR021AA kernel: pci 0000:00:1d.0: [8086:27c8] type 00 class 0x0c0300
oct 19 22:41:34 NR021AA kernel: pci 0000:00:1d.0: reg 0x20: [io  0xf500-0xf51f]
oct 19 22:41:34 NR021AA kernel: pci 0000:00:1d.0: System wakeup disabled by ACPI
oct 19 22:41:34 NR021AA kernel: pci 0000:00:1d.1: [8086:27c9] type 00 class 0x0c0300
oct 19 22:41:34 NR021AA kernel: pci 0000:00:1d.1: reg 0x20: [io  0xf600-0xf61f]
oct 19 22:41:34 NR021AA kernel: pci 0000:00:1d.1: System wakeup disabled by ACPI
oct 19 22:41:34 NR021AA kernel: pci 0000:00:1d.2: [8086:27ca] type 00 class 0x0c0300
oct 19 22:41:34 NR021AA kernel: pci 0000:00:1d.2: reg 0x20: [io  0xf700-0xf71f]
oct 19 22:41:34 NR021AA kernel: pci 0000:00:1d.2: System wakeup disabled by ACPI
oct 19 22:41:34 NR021AA kernel: pci 0000:00:1d.3: [8086:27cb] type 00 class 0x0c0300
oct 19 22:41:34 NR021AA kernel: pci 0000:00:1d.3: reg 0x20: [io  0xf800-0xf81f]
oct 19 22:41:34 NR021AA kernel: pci 0000:00:1d.3: System wakeup disabled by ACPI
oct 19 22:41:34 NR021AA kernel: pci 0000:00:1d.7: [8086:27cc] type 00 class 0x0c0320
oct 19 22:41:34 NR021AA kernel: pci 0000:00:1d.7: reg 0x10: [mem 0xfdfff000-0xfdfff3ff]
oct 19 22:41:34 NR021AA kernel: pci 0000:00:1d.7: PME# supported from D0 D3hot D3cold
oct 19 22:41:34 NR021AA kernel: pci 0000:00:1d.7: System wakeup disabled by ACPI
oct 19 22:41:34 NR021AA kernel: pci 0000:00:1e.0: [8086:244e] type 01 class 0x060401
oct 19 22:41:34 NR021AA kernel: pci 0000:00:1e.0: System wakeup disabled by ACPI
oct 19 22:41:34 NR021AA kernel: pci 0000:00:1f.0: [8086:27b8] type 00 class 0x060100
oct 19 22:41:34 NR021AA kernel: pci 0000:00:1f.0: quirk: [io  0x0400-0x047f] claimed by ICH6 ACPI/GPIO/TCO
oct 19 22:41:34 NR021AA kernel: pci 0000:00:1f.0: quirk: [io  0x0480-0x04bf] claimed by ICH6 GPIO
oct 19 22:41:34 NR021AA kernel: pci 0000:00:1f.0: ICH7 LPC Generic IO decode 1 PIO at 0800 (mask 003f)
oct 19 22:41:34 NR021AA kernel: pci 0000:00:1f.0: ICH7 LPC Generic IO decode 2 PIO at 0290 (mask 001f)
oct 19 22:41:34 NR021AA kernel: pci 0000:00:1f.2: [8086:27c0] type 00 class 0x01018a
oct 19 22:41:34 NR021AA kernel: pci 0000:00:1f.2: reg 0x10: [io  0x0000-0x0007]
oct 19 22:41:34 NR021AA kernel: pci 0000:00:1f.2: reg 0x14: [io  0x0000-0x0003]
oct 19 22:41:34 NR021AA kernel: pci 0000:00:1f.2: reg 0x18: [io  0x0000-0x0007]
oct 19 22:41:34 NR021AA kernel: pci 0000:00:1f.2: reg 0x1c: [io  0x0000-0x0003]
oct 19 22:41:34 NR021AA kernel: pci 0000:00:1f.2: reg 0x20: [io  0xf900-0xf90f]
oct 19 22:41:34 NR021AA kernel: pci 0000:00:1f.2: legacy IDE quirk: reg 0x10: [io  0x01f0-0x01f7]
oct 19 22:41:34 NR021AA kernel: pci 0000:00:1f.2: legacy IDE quirk: reg 0x14: [io  0x03f6]
oct 19 22:41:34 NR021AA kernel: pci 0000:00:1f.2: legacy IDE quirk: reg 0x18: [io  0x0170-0x0177]
oct 19 22:41:34 NR021AA kernel: pci 0000:00:1f.2: legacy IDE quirk: reg 0x1c: [io  0x0376]
oct 19 22:41:34 NR021AA kernel: pci 0000:00:1f.2: PME# supported from D3hot
oct 19 22:41:34 NR021AA kernel: pci 0000:00:1f.3: [8086:27da] type 00 class 0x0c0500
oct 19 22:41:34 NR021AA kernel: pci 0000:00:1f.3: reg 0x20: [io  0x0500-0x051f]
oct 19 22:41:34 NR021AA kernel: pci 0000:01:00.0: [1002:6779] type 00 class 0x030000
oct 19 22:41:34 NR021AA kernel: pci 0000:01:00.0: reg 0x10: [mem 0xd0000000-0xdfffffff 64bit pref]
oct 19 22:41:34 NR021AA kernel: pci 0000:01:00.0: reg 0x18: [mem 0xfdca0000-0xfdcbffff 64bit]
oct 19 22:41:34 NR021AA kernel: pci 0000:01:00.0: reg 0x20: [io  0xde00-0xdeff]
oct 19 22:41:34 NR021AA kernel: pci 0000:01:00.0: reg 0x30: [mem 0x00000000-0x0001ffff pref]
oct 19 22:41:34 NR021AA kernel: pci 0000:01:00.0: supports D1 D2
oct 19 22:41:34 NR021AA kernel: pci 0000:01:00.1: [1002:aa98] type 00 class 0x040300
oct 19 22:41:34 NR021AA kernel: pci 0000:01:00.1: reg 0x10: [mem 0xfdcfc000-0xfdcfffff 64bit]
oct 19 22:41:34 NR021AA kernel: pci 0000:01:00.1: supports D1 D2
oct 19 22:41:34 NR021AA kernel: pci 0000:00:01.0: PCI bridge to [bus 01]
oct 19 22:41:34 NR021AA kernel: pci 0000:00:01.0:   bridge window [io  0xd000-0xdfff]
oct 19 22:41:34 NR021AA kernel: pci 0000:00:01.0:   bridge window [mem 0xfdc00000-0xfdcfffff]
oct 19 22:41:34 NR021AA kernel: pci 0000:00:01.0:   bridge window [mem 0xd0000000-0xdfffffff 64bit pref]
oct 19 22:41:34 NR021AA kernel: pci 0000:05:00.0: [10ec:8169] type 00 class 0x020000
oct 19 22:41:34 NR021AA kernel: pci 0000:05:00.0: reg 0x10: [io  0xee00-0xeeff]
oct 19 22:41:34 NR021AA kernel: pci 0000:05:00.0: reg 0x14: [mem 0xfddff000-0xfddff0ff]
oct 19 22:41:34 NR021AA kernel: pci 0000:05:00.0: reg 0x30: [mem 0x00000000-0x0001ffff pref]
oct 19 22:41:34 NR021AA kernel: pci 0000:05:00.0: supports D1 D2
oct 19 22:41:34 NR021AA kernel: pci 0000:05:00.0: PME# supported from D1 D2 D3hot D3cold
oct 19 22:41:34 NR021AA kernel: pci 0000:00:1e.0: PCI bridge to [bus 05] (subtractive decode)
oct 19 22:41:34 NR021AA kernel: pci 0000:00:1e.0:   bridge window [io  0xe000-0xefff]
oct 19 22:41:34 NR021AA kernel: pci 0000:00:1e.0:   bridge window [mem 0xfdd00000-0xfddfffff]
oct 19 22:41:34 NR021AA kernel: pci 0000:00:1e.0:   bridge window [mem 0xfde00000-0xfdefffff 64bit pref]
oct 19 22:41:34 NR021AA kernel: pci 0000:00:1e.0:   bridge window [io  0x0000-0x0cf7 window] (subtractive decode)
oct 19 22:41:34 NR021AA kernel: pci 0000:00:1e.0:   bridge window [io  0x0d00-0xffff window] (subtractive decode)
oct 19 22:41:34 NR021AA kernel: pci 0000:00:1e.0:   bridge window [mem 0x000a0000-0x000bffff window] (subtractive decode)
oct 19 22:41:34 NR021AA kernel: pci 0000:00:1e.0:   bridge window [mem 0x000c0000-0x000dffff window] (subtractive decode)
oct 19 22:41:34 NR021AA kernel: pci 0000:00:1e.0:   bridge window [mem 0xcff00000-0xfebfffff window] (subtractive decode)
oct 19 22:41:34 NR021AA kernel: xen: registering gsi 8 triggering 1 polarity 0
oct 19 22:41:34 NR021AA kernel: xen: registering gsi 13 triggering 1 polarity 0
oct 19 22:41:34 NR021AA kernel: ACPI: PCI Interrupt Link [LNKA] (IRQs 3 4 5 7 9 *10 11 12 14 15)
oct 19 22:41:34 NR021AA kernel: ACPI: PCI Interrupt Link [LNKB] (IRQs 3 4 *5 7 9 10 11 12 14 15)
oct 19 22:41:34 NR021AA kernel: ACPI: PCI Interrupt Link [LNKC] (IRQs *3 4 5 7 9 10 11 12 14 15)
oct 19 22:41:34 NR021AA kernel: ACPI: PCI Interrupt Link [LNKD] (IRQs 3 4 5 7 9 10 *11 12 14 15)
oct 19 22:41:34 NR021AA kernel: ACPI: PCI Interrupt Link [LNKE] (IRQs 3 4 5 7 9 10 11 12 14 15) *0, disabled.
oct 19 22:41:34 NR021AA kernel: ACPI: PCI Interrupt Link [LNKF] (IRQs 3 4 5 7 9 10 11 12 14 15) *0, disabled.
oct 19 22:41:34 NR021AA kernel: ACPI: PCI Interrupt Link [LNK0] (IRQs 3 4 5 7 9 10 11 12 14 15) *0, disabled.
oct 19 22:41:34 NR021AA kernel: ACPI: PCI Interrupt Link [LNK1] (IRQs 3 4 5 *7 9 10 11 12 14 15)
oct 19 22:41:34 NR021AA kernel: ACPI: Enabled 2 GPEs in block 00 to 1F
oct 19 22:41:34 NR021AA kernel: xen:balloon: Initialising balloon driver
oct 19 22:41:34 NR021AA kernel: xen_balloon: Initialising balloon driver
oct 19 22:41:34 NR021AA kernel: pci 0000:01:00.0: vgaarb: setting as boot VGA device
oct 19 22:41:34 NR021AA kernel: pci 0000:01:00.0: vgaarb: VGA device added: decodes=io+mem,owns=io+mem,locks=none
oct 19 22:41:34 NR021AA kernel: pci 0000:01:00.0: vgaarb: bridge control possible
oct 19 22:41:34 NR021AA kernel: vgaarb: loaded
oct 19 22:41:34 NR021AA kernel: SCSI subsystem initialized
oct 19 22:41:34 NR021AA kernel: libata version 3.00 loaded.
oct 19 22:41:34 NR021AA kernel: ACPI: bus type USB registered
oct 19 22:41:34 NR021AA kernel: usbcore: registered new interface driver usbfs
oct 19 22:41:34 NR021AA kernel: usbcore: registered new interface driver hub
oct 19 22:41:34 NR021AA kernel: usbcore: registered new device driver usb
oct 19 22:41:34 NR021AA kernel: PCI: Using ACPI for IRQ routing
oct 19 22:41:34 NR021AA kernel: PCI: pci_cache_line_size set to 64 bytes
oct 19 22:41:34 NR021AA kernel: e820: reserve RAM buffer [mem 0x0009f000-0x0009ffff]
oct 19 22:41:34 NR021AA kernel: e820: reserve RAM buffer [mem 0xcfe90000-0xcfffffff]
oct 19 22:41:34 NR021AA kernel: NetLabel: Initializing
oct 19 22:41:34 NR021AA kernel: NetLabel:  domain hash size = 128
oct 19 22:41:34 NR021AA kernel: NetLabel:  protocols = UNLABELED CIPSOv4 CALIPSO
oct 19 22:41:34 NR021AA kernel: NetLabel:  unlabeled traffic allowed by default
oct 19 22:41:34 NR021AA kernel: clocksource: Switched to clocksource xen
oct 19 22:41:34 NR021AA kernel: random: fast init done
oct 19 22:41:34 NR021AA kernel: VFS: Disk quotas dquot_6.6.0
oct 19 22:41:34 NR021AA kernel: VFS: Dquot-cache hash table entries: 512 (order 0, 4096 bytes)
oct 19 22:41:34 NR021AA kernel: hugetlbfs: disabling because there are no supported hugepage sizes
oct 19 22:41:34 NR021AA kernel: pnp: PnP ACPI init
oct 19 22:41:34 NR021AA kernel: system 00:00: [io  0x04d0-0x04d1] has been reserved
oct 19 22:41:34 NR021AA kernel: system 00:00: [io  0x0800-0x087f] has been reserved
oct 19 22:41:34 NR021AA kernel: system 00:00: [io  0x0290-0x0297] has been reserved
oct 19 22:41:34 NR021AA kernel: system 00:00: [io  0x0880-0x088f] has been reserved
oct 19 22:41:34 NR021AA kernel: system 00:00: Plug and Play ACPI device, IDs PNP0c02 (active)
oct 19 22:41:34 NR021AA kernel: pnp 00:01: Plug and Play ACPI device, IDs PNP0b00 (active)
oct 19 22:41:34 NR021AA kernel: system 00:02: [io  0x0400-0x04bf] could not be reserved
oct 19 22:41:34 NR021AA kernel: system 00:02: Plug and Play ACPI device, IDs PNP0c02 (active)
oct 19 22:41:34 NR021AA kernel: system 00:03: [mem 0xe0000000-0xefffffff] has been reserved
oct 19 22:41:34 NR021AA kernel: system 00:03: Plug and Play ACPI device, IDs PNP0c02 (active)
oct 19 22:41:34 NR021AA kernel: system 00:04: [mem 0x000f0000-0x000fffff] could not be reserved
oct 19 22:41:34 NR021AA kernel: system 00:04: [mem 0xcff00000-0xcfffffff] has been reserved
oct 19 22:41:34 NR021AA kernel: system 00:04: [mem 0xfed00000-0xfed000ff] has been reserved
oct 19 22:41:34 NR021AA kernel: system 00:04: [mem 0xcfe90000-0xcfefffff] could not be reserved
oct 19 22:41:34 NR021AA kernel: system 00:04: [mem 0x00000000-0x0009ffff] could not be reserved
oct 19 22:41:34 NR021AA kernel: system 00:04: [mem 0x00100000-0xcfe8ffff] could not be reserved
oct 19 22:41:34 NR021AA kernel: system 00:04: [mem 0xfec00000-0xfec00fff] could not be reserved
oct 19 22:41:34 NR021AA kernel: system 00:04: [mem 0xfed13000-0xfed1dfff] has been reserved
oct 19 22:41:34 NR021AA kernel: system 00:04: [mem 0xfed20000-0xfed8ffff] has been reserved
oct 19 22:41:34 NR021AA kernel: system 00:04: [mem 0xfee00000-0xfee00fff] has been reserved
oct 19 22:41:34 NR021AA kernel: system 00:04: [mem 0xffb00000-0xffb7ffff] has been reserved
oct 19 22:41:34 NR021AA kernel: system 00:04: [mem 0xfff00000-0xffffffff] has been reserved
oct 19 22:41:34 NR021AA kernel: system 00:04: [mem 0x000e0000-0x000effff] could not be reserved
oct 19 22:41:34 NR021AA kernel: system 00:04: Plug and Play ACPI device, IDs PNP0c01 (active)
oct 19 22:41:34 NR021AA kernel: pnp: PnP ACPI: found 5 devices
oct 19 22:41:34 NR021AA kernel: PM-Timer failed consistency check  (0xffffff) - aborting.
oct 19 22:41:34 NR021AA kernel: pci 0000:01:00.0: BAR 6: assigned [mem 0xfdc00000-0xfdc1ffff pref]
oct 19 22:41:34 NR021AA kernel: pci 0000:00:01.0: PCI bridge to [bus 01]
oct 19 22:41:34 NR021AA kernel: pci 0000:00:01.0:   bridge window [io  0xd000-0xdfff]
oct 19 22:41:34 NR021AA kernel: pci 0000:00:01.0:   bridge window [mem 0xfdc00000-0xfdcfffff]
oct 19 22:41:34 NR021AA kernel: pci 0000:00:01.0:   bridge window [mem 0xd0000000-0xdfffffff 64bit pref]
oct 19 22:41:34 NR021AA kernel: pci 0000:05:00.0: BAR 6: assigned [mem 0xfdd00000-0xfdd1ffff pref]
oct 19 22:41:34 NR021AA kernel: pci 0000:00:1e.0: PCI bridge to [bus 05]
oct 19 22:41:34 NR021AA kernel: pci 0000:00:1e.0:   bridge window [io  0xe000-0xefff]
oct 19 22:41:34 NR021AA kernel: pci 0000:00:1e.0:   bridge window [mem 0xfdd00000-0xfddfffff]
oct 19 22:41:34 NR021AA kernel: pci 0000:00:1e.0:   bridge window [mem 0xfde00000-0xfdefffff 64bit pref]
oct 19 22:41:34 NR021AA kernel: pci_bus 0000:00: resource 4 [io  0x0000-0x0cf7 window]
oct 19 22:41:34 NR021AA kernel: pci_bus 0000:00: resource 5 [io  0x0d00-0xffff window]
oct 19 22:41:34 NR021AA kernel: pci_bus 0000:00: resource 6 [mem 0x000a0000-0x000bffff window]
oct 19 22:41:34 NR021AA kernel: pci_bus 0000:00: resource 7 [mem 0x000c0000-0x000dffff window]
oct 19 22:41:34 NR021AA kernel: pci_bus 0000:00: resource 8 [mem 0xcff00000-0xfebfffff window]
oct 19 22:41:34 NR021AA kernel: pci_bus 0000:01: resource 0 [io  0xd000-0xdfff]
oct 19 22:41:34 NR021AA kernel: pci_bus 0000:01: resource 1 [mem 0xfdc00000-0xfdcfffff]
oct 19 22:41:34 NR021AA kernel: pci_bus 0000:01: resource 2 [mem 0xd0000000-0xdfffffff 64bit pref]
oct 19 22:41:34 NR021AA kernel: pci_bus 0000:05: resource 0 [io  0xe000-0xefff]
oct 19 22:41:34 NR021AA kernel: pci_bus 0000:05: resource 1 [mem 0xfdd00000-0xfddfffff]
oct 19 22:41:34 NR021AA kernel: pci_bus 0000:05: resource 2 [mem 0xfde00000-0xfdefffff 64bit pref]
oct 19 22:41:34 NR021AA kernel: pci_bus 0000:05: resource 4 [io  0x0000-0x0cf7 window]
oct 19 22:41:34 NR021AA kernel: pci_bus 0000:05: resource 5 [io  0x0d00-0xffff window]
oct 19 22:41:34 NR021AA kernel: pci_bus 0000:05: resource 6 [mem 0x000a0000-0x000bffff window]
oct 19 22:41:34 NR021AA kernel: pci_bus 0000:05: resource 7 [mem 0x000c0000-0x000dffff window]
oct 19 22:41:34 NR021AA kernel: pci_bus 0000:05: resource 8 [mem 0xcff00000-0xfebfffff window]
oct 19 22:41:34 NR021AA kernel: NET: Registered protocol family 2
oct 19 22:41:34 NR021AA kernel: TCP established hash table entries: 32768 (order: 6, 262144 bytes)
oct 19 22:41:34 NR021AA kernel: TCP bind hash table entries: 32768 (order: 7, 524288 bytes)
oct 19 22:41:34 NR021AA kernel: TCP: Hash tables configured (established 32768 bind 32768)
oct 19 22:41:34 NR021AA kernel: UDP hash table entries: 2048 (order: 4, 65536 bytes)
oct 19 22:41:34 NR021AA kernel: UDP-Lite hash table entries: 2048 (order: 4, 65536 bytes)
oct 19 22:41:34 NR021AA kernel: NET: Registered protocol family 1
oct 19 22:41:34 NR021AA kernel: xen: registering gsi 23 triggering 0 polarity 1
oct 19 22:41:34 NR021AA kernel: xen: --> pirq=23 -> irq=23 (gsi=23)
oct 19 22:41:34 NR021AA kernel: xen: registering gsi 19 triggering 0 polarity 1
oct 19 22:41:34 NR021AA kernel: xen: --> pirq=19 -> irq=19 (gsi=19)
oct 19 22:41:34 NR021AA kernel: xen: registering gsi 18 triggering 0 polarity 1
oct 19 22:41:34 NR021AA kernel: xen: --> pirq=18 -> irq=18 (gsi=18)
oct 19 22:41:34 NR021AA kernel: xen: registering gsi 16 triggering 0 polarity 1
oct 19 22:41:34 NR021AA kernel: xen: --> pirq=16 -> irq=16 (gsi=16)
oct 19 22:41:34 NR021AA kernel: xen: registering gsi 23 triggering 0 polarity 1
oct 19 22:41:34 NR021AA kernel: Already setup the GSI :23
oct 19 22:41:34 NR021AA kernel: pci 0000:01:00.0: Video device with shadowed ROM at [mem 0x000c0000-0x000dffff]
oct 19 22:41:34 NR021AA kernel: PCI: CLS 64 bytes, default 64
oct 19 22:41:34 NR021AA kernel: Unpacking initramfs...
oct 19 22:41:34 NR021AA kernel: Freeing initrd memory: 21564K
oct 19 22:41:34 NR021AA kernel: audit: initializing netlink subsys (disabled)
oct 19 22:41:34 NR021AA kernel: audit: type=2000 audit(1508445695.147:1): state=initialized audit_enabled=0 res=1
oct 19 22:41:34 NR021AA kernel: Initialise system trusted keyrings
oct 19 22:41:34 NR021AA kernel: workingset: timestamp_bits=36 max_order=20 bucket_order=0
oct 19 22:41:34 NR021AA kernel: zbud: loaded
oct 19 22:41:34 NR021AA kernel: SELinux:  Registering netfilter hooks
oct 19 22:41:34 NR021AA kernel: NET: Registered protocol family 38
oct 19 22:41:34 NR021AA kernel: Key type asymmetric registered
oct 19 22:41:34 NR021AA kernel: Asymmetric key parser 'x509' registered
oct 19 22:41:34 NR021AA kernel: Block layer SCSI generic (bsg) driver version 0.4 loaded (major 249)
oct 19 22:41:34 NR021AA kernel: io scheduler noop registered
oct 19 22:41:34 NR021AA kernel: io scheduler deadline registered
oct 19 22:41:34 NR021AA kernel: io scheduler cfq registered (default)
oct 19 22:41:34 NR021AA kernel: io scheduler mq-deadline registered
oct 19 22:41:34 NR021AA kernel: atomic64_test: passed for x86-64 platform with CX8 and with SSE
oct 19 22:41:34 NR021AA kernel: xen: registering gsi 16 triggering 0 polarity 1
oct 19 22:41:34 NR021AA kernel: Already setup the GSI :16
oct 19 22:41:34 NR021AA kernel: intel_idle: does not run on family 6 model 23
oct 19 22:41:34 NR021AA kernel: input: Power Button as /devices/LNXSYSTM:00/LNXSYBUS:00/PNP0C0C:00/input/input0
oct 19 22:41:34 NR021AA kernel: ACPI: Power Button [PWRB]
oct 19 22:41:34 NR021AA kernel: input: Power Button as /devices/LNXSYSTM:00/LNXPWRBN:00/input/input1
oct 19 22:41:34 NR021AA kernel: ACPI: Power Button [PWRF]
oct 19 22:41:34 NR021AA kernel: Warning: Processor Platform Limit not supported.
oct 19 22:41:34 NR021AA kernel: GHES: HEST is not enabled!
oct 19 22:41:34 NR021AA kernel: Serial: 8250/16550 driver, 32 ports, IRQ sharing enabled
oct 19 22:41:34 NR021AA kernel: hpet_acpi_add: no address or irqs in _CRS
oct 19 22:41:34 NR021AA kernel: Non-volatile memory driver v1.3
oct 19 22:41:34 NR021AA kernel: Linux agpgart interface v0.103
oct 19 22:41:34 NR021AA kernel: ata_piix 0000:00:1f.2: version 2.13
oct 19 22:41:34 NR021AA kernel: xen: registering gsi 19 triggering 0 polarity 1
oct 19 22:41:34 NR021AA kernel: Already setup the GSI :19
oct 19 22:41:34 NR021AA kernel: ata_piix 0000:00:1f.2: MAP [ P0 P2 P1 P3 ]
oct 19 22:41:34 NR021AA kernel: scsi host0: ata_piix
oct 19 22:41:34 NR021AA kernel: scsi host1: ata_piix
oct 19 22:41:34 NR021AA kernel: ata1: SATA max UDMA/133 cmd 0x1f0 ctl 0x3f6 bmdma 0xf900 irq 14
oct 19 22:41:34 NR021AA kernel: ata2: SATA max UDMA/133 cmd 0x170 ctl 0x376 bmdma 0xf908 irq 15
oct 19 22:41:34 NR021AA kernel: libphy: Fixed MDIO Bus: probed
oct 19 22:41:34 NR021AA kernel: ehci_hcd: USB 2.0 'Enhanced' Host Controller (EHCI) Driver
oct 19 22:41:34 NR021AA kernel: ehci-pci: EHCI PCI platform driver
oct 19 22:41:34 NR021AA kernel: xen: registering gsi 23 triggering 0 polarity 1
oct 19 22:41:34 NR021AA kernel: Already setup the GSI :23
oct 19 22:41:34 NR021AA kernel: ehci-pci 0000:00:1d.7: EHCI Host Controller
oct 19 22:41:34 NR021AA kernel: ehci-pci 0000:00:1d.7: new USB bus registered, assigned bus number 1
oct 19 22:41:34 NR021AA kernel: ehci-pci 0000:00:1d.7: debug port 1
oct 19 22:41:34 NR021AA kernel: ehci-pci 0000:00:1d.7: cache line size of 64 is not supported
oct 19 22:41:34 NR021AA kernel: ehci-pci 0000:00:1d.7: irq 23, io mem 0xfdfff000
oct 19 22:41:34 NR021AA kernel: ehci-pci 0000:00:1d.7: USB 2.0 started, EHCI 1.00
oct 19 22:41:34 NR021AA kernel: usb usb1: New USB device found, idVendor=1d6b, idProduct=0002
oct 19 22:41:34 NR021AA kernel: usb usb1: New USB device strings: Mfr=3, Product=2, SerialNumber=1
oct 19 22:41:34 NR021AA kernel: usb usb1: Product: EHCI Host Controller
oct 19 22:41:34 NR021AA kernel: usb usb1: Manufacturer: Linux 4.11.12-100.fc24.x86_64 ehci_hcd
oct 19 22:41:34 NR021AA kernel: usb usb1: SerialNumber: 0000:00:1d.7
oct 19 22:41:34 NR021AA kernel: hub 1-0:1.0: USB hub found
oct 19 22:41:34 NR021AA kernel: hub 1-0:1.0: 8 ports detected
oct 19 22:41:34 NR021AA kernel: ohci_hcd: USB 1.1 'Open' Host Controller (OHCI) Driver
oct 19 22:41:34 NR021AA kernel: ohci-pci: OHCI PCI platform driver
oct 19 22:41:34 NR021AA kernel: uhci_hcd: USB Universal Host Controller Interface driver
oct 19 22:41:34 NR021AA kernel: xen: registering gsi 23 triggering 0 polarity 1
oct 19 22:41:34 NR021AA kernel: Already setup the GSI :23
oct 19 22:41:34 NR021AA kernel: uhci_hcd 0000:00:1d.0: UHCI Host Controller
oct 19 22:41:34 NR021AA kernel: uhci_hcd 0000:00:1d.0: new USB bus registered, assigned bus number 2
oct 19 22:41:34 NR021AA kernel: uhci_hcd 0000:00:1d.0: detected 2 ports
oct 19 22:41:34 NR021AA kernel: uhci_hcd 0000:00:1d.0: irq 23, io base 0x0000f500
oct 19 22:41:34 NR021AA kernel: usb usb2: New USB device found, idVendor=1d6b, idProduct=0001
oct 19 22:41:34 NR021AA kernel: usb usb2: New USB device strings: Mfr=3, Product=2, SerialNumber=1
oct 19 22:41:34 NR021AA kernel: usb usb2: Product: UHCI Host Controller
oct 19 22:41:34 NR021AA kernel: usb usb2: Manufacturer: Linux 4.11.12-100.fc24.x86_64 uhci_hcd
oct 19 22:41:34 NR021AA kernel: usb usb2: SerialNumber: 0000:00:1d.0
oct 19 22:41:34 NR021AA kernel: hub 2-0:1.0: USB hub found
oct 19 22:41:34 NR021AA kernel: hub 2-0:1.0: 2 ports detected
oct 19 22:41:34 NR021AA kernel: xen: registering gsi 19 triggering 0 polarity 1
oct 19 22:41:34 NR021AA kernel: Already setup the GSI :19
oct 19 22:41:34 NR021AA kernel: uhci_hcd 0000:00:1d.1: UHCI Host Controller
oct 19 22:41:34 NR021AA kernel: uhci_hcd 0000:00:1d.1: new USB bus registered, assigned bus number 3
oct 19 22:41:34 NR021AA kernel: uhci_hcd 0000:00:1d.1: detected 2 ports
oct 19 22:41:34 NR021AA kernel: uhci_hcd 0000:00:1d.1: irq 19, io base 0x0000f600
oct 19 22:41:34 NR021AA kernel: usb usb3: New USB device found, idVendor=1d6b, idProduct=0001
oct 19 22:41:34 NR021AA kernel: usb usb3: New USB device strings: Mfr=3, Product=2, SerialNumber=1
oct 19 22:41:34 NR021AA kernel: usb usb3: Product: UHCI Host Controller
oct 19 22:41:34 NR021AA kernel: usb usb3: Manufacturer: Linux 4.11.12-100.fc24.x86_64 uhci_hcd
oct 19 22:41:34 NR021AA kernel: usb usb3: SerialNumber: 0000:00:1d.1
oct 19 22:41:34 NR021AA kernel: hub 3-0:1.0: USB hub found
oct 19 22:41:34 NR021AA kernel: hub 3-0:1.0: 2 ports detected
oct 19 22:41:34 NR021AA kernel: xen: registering gsi 18 triggering 0 polarity 1
oct 19 22:41:34 NR021AA kernel: Already setup the GSI :18
oct 19 22:41:34 NR021AA kernel: uhci_hcd 0000:00:1d.2: UHCI Host Controller
oct 19 22:41:34 NR021AA kernel: uhci_hcd 0000:00:1d.2: new USB bus registered, assigned bus number 4
oct 19 22:41:34 NR021AA kernel: uhci_hcd 0000:00:1d.2: detected 2 ports
oct 19 22:41:34 NR021AA kernel: uhci_hcd 0000:00:1d.2: irq 18, io base 0x0000f700
oct 19 22:41:34 NR021AA kernel: usb usb4: New USB device found, idVendor=1d6b, idProduct=0001
oct 19 22:41:34 NR021AA kernel: usb usb4: New USB device strings: Mfr=3, Product=2, SerialNumber=1
oct 19 22:41:34 NR021AA kernel: usb usb4: Product: UHCI Host Controller
oct 19 22:41:34 NR021AA kernel: usb usb4: Manufacturer: Linux 4.11.12-100.fc24.x86_64 uhci_hcd
oct 19 22:41:34 NR021AA kernel: usb usb4: SerialNumber: 0000:00:1d.2
oct 19 22:41:34 NR021AA kernel: hub 4-0:1.0: USB hub found
oct 19 22:41:34 NR021AA kernel: hub 4-0:1.0: 2 ports detected
oct 19 22:41:34 NR021AA kernel: xen: registering gsi 16 triggering 0 polarity 1
oct 19 22:41:34 NR021AA kernel: Already setup the GSI :16
oct 19 22:41:34 NR021AA kernel: uhci_hcd 0000:00:1d.3: UHCI Host Controller
oct 19 22:41:34 NR021AA kernel: uhci_hcd 0000:00:1d.3: new USB bus registered, assigned bus number 5
oct 19 22:41:34 NR021AA kernel: uhci_hcd 0000:00:1d.3: detected 2 ports
oct 19 22:41:34 NR021AA kernel: uhci_hcd 0000:00:1d.3: irq 16, io base 0x0000f800
oct 19 22:41:34 NR021AA kernel: usb usb5: New USB device found, idVendor=1d6b, idProduct=0001
oct 19 22:41:34 NR021AA kernel: usb usb5: New USB device strings: Mfr=3, Product=2, SerialNumber=1
oct 19 22:41:34 NR021AA kernel: usb usb5: Product: UHCI Host Controller
oct 19 22:41:34 NR021AA kernel: usb usb5: Manufacturer: Linux 4.11.12-100.fc24.x86_64 uhci_hcd
oct 19 22:41:34 NR021AA kernel: usb usb5: SerialNumber: 0000:00:1d.3
oct 19 22:41:34 NR021AA kernel: hub 5-0:1.0: USB hub found
oct 19 22:41:34 NR021AA kernel: hub 5-0:1.0: 2 ports detected
oct 19 22:41:34 NR021AA kernel: usbcore: registered new interface driver usbserial
oct 19 22:41:34 NR021AA kernel: usbcore: registered new interface driver usbserial_generic
oct 19 22:41:34 NR021AA kernel: usbserial: USB Serial support registered for generic
oct 19 22:41:34 NR021AA kernel: i8042: PNP: No PS/2 controller found.
oct 19 22:41:34 NR021AA kernel: i8042: Probing ports directly.
oct 19 22:41:34 NR021AA kernel: serio: i8042 KBD port at 0x60,0x64 irq 1
oct 19 22:41:34 NR021AA kernel: serio: i8042 AUX port at 0x60,0x64 irq 12
oct 19 22:41:34 NR021AA kernel: mousedev: PS/2 mouse device common for all mice
oct 19 22:41:34 NR021AA kernel: rtc_cmos 00:01: RTC can wake from S4
oct 19 22:41:34 NR021AA kernel: rtc_cmos 00:01: rtc core: registered rtc_cmos as rtc0
oct 19 22:41:34 NR021AA kernel: rtc_cmos 00:01: alarms up to one month, 242 bytes nvram
oct 19 22:41:34 NR021AA kernel: device-mapper: uevent: version 1.0.3
oct 19 22:41:34 NR021AA kernel: device-mapper: ioctl: 4.35.0-ioctl (2016-06-23) initialised: dm-devel@redhat.com
oct 19 22:41:34 NR021AA kernel: hidraw: raw HID events driver (C) Jiri Kosina
oct 19 22:41:34 NR021AA kernel: usbcore: registered new interface driver usbhid
oct 19 22:41:34 NR021AA kernel: usbhid: USB HID core driver
oct 19 22:41:34 NR021AA kernel: drop_monitor: Initializing network drop monitor service
oct 19 22:41:34 NR021AA kernel: ip_tables: (C) 2000-2006 Netfilter Core Team
oct 19 22:41:34 NR021AA kernel: Initializing XFRM netlink socket
oct 19 22:41:34 NR021AA kernel: NET: Registered protocol family 10
oct 19 22:41:34 NR021AA kernel: Segment Routing with IPv6
oct 19 22:41:34 NR021AA kernel: mip6: Mobile IPv6
oct 19 22:41:34 NR021AA kernel: NET: Registered protocol family 17
oct 19 22:41:34 NR021AA kernel: registered taskstats version 1
oct 19 22:41:34 NR021AA kernel: Loading compiled-in X.509 certificates
oct 19 22:41:34 NR021AA kernel: alg: No test for pkcs1pad(rsa,sha256) (pkcs1pad(rsa-generic,sha256))
oct 19 22:41:34 NR021AA kernel: Loaded X.509 cert 'Fedora kernel signing key: 0389d6580c9f74371de9ab1a5f33e2c290a00459'
oct 19 22:41:34 NR021AA kernel: zswap: loaded using pool lzo/zbud
oct 19 22:41:34 NR021AA kernel: Key type big_key registered
oct 19 22:41:34 NR021AA kernel: Key type encrypted registered
oct 19 22:41:34 NR021AA kernel:   Magic number: 5:707:700
oct 19 22:41:34 NR021AA kernel: rtc_cmos 00:01: setting system clock to 2017-10-19 20:41:34 UTC (1508445694)
oct 19 22:41:34 NR021AA kernel: PM: Hibernation image not present or could not be loaded.
oct 19 22:41:34 NR021AA kernel: ata1.00: ATA-9: ST1000DM003-1ER162, CC45, max UDMA/133
oct 19 22:41:34 NR021AA kernel: ata1.00: 1953525168 sectors, multi 16: LBA48 NCQ (depth 0/32)
oct 19 22:41:34 NR021AA kernel: ata1.01: ATAPI: TSSTcorp CDDVDW TS-H653Z, 4303, max UDMA/33
oct 19 22:41:34 NR021AA kernel: ata1.00: configured for UDMA/133
oct 19 22:41:34 NR021AA kernel: ata1.01: configured for UDMA/33
oct 19 22:41:34 NR021AA kernel: scsi 0:0:0:0: Direct-Access     ATA      ST1000DM003-1ER1 CC45 PQ: 0 ANSI: 5
oct 19 22:41:34 NR021AA kernel: sd 0:0:0:0: Attached scsi generic sg0 type 0
oct 19 22:41:34 NR021AA kernel: sd 0:0:0:0: [sda] 1953525168 512-byte logical blocks: (1.00 TB/932 GiB)
oct 19 22:41:34 NR021AA kernel: sd 0:0:0:0: [sda] 4096-byte physical blocks
oct 19 22:41:34 NR021AA kernel: sd 0:0:0:0: [sda] Write Protect is off
oct 19 22:41:34 NR021AA kernel: sd 0:0:0:0: [sda] Mode Sense: 00 3a 00 00
oct 19 22:41:34 NR021AA kernel: sd 0:0:0:0: [sda] Write cache: enabled, read cache: enabled, doesn't support DPO or FUA
oct 19 22:41:34 NR021AA kernel: scsi 0:0:1:0: CD-ROM            TSSTcorp CDDVDW TS-H653Z  4303 PQ: 0 ANSI: 5
oct 19 22:41:34 NR021AA kernel:  sda: sda1 sda2 sda3 sda4 < sda5 sda6 sda7 sda8 >
oct 19 22:41:34 NR021AA kernel: sr 0:0:1:0: [sr0] scsi3-mmc drive: 40x/40x writer dvd-ram cd/rw xa/form2 cdda tray
oct 19 22:41:34 NR021AA kernel: sd 0:0:0:0: [sda] Attached SCSI disk
oct 19 22:41:34 NR021AA kernel: cdrom: Uniform CD-ROM driver Revision: 3.20
oct 19 22:41:34 NR021AA kernel: sr 0:0:1:0: Attached scsi CD-ROM sr0
oct 19 22:41:34 NR021AA kernel: sr 0:0:1:0: Attached scsi generic sg1 type 5
oct 19 22:41:34 NR021AA kernel: Freeing unused kernel memory: 2124K
oct 19 22:41:34 NR021AA kernel: Write protecting the kernel read-only data: 14336k
oct 19 22:41:34 NR021AA kernel: Freeing unused kernel memory: 1524K
oct 19 22:41:34 NR021AA kernel: Freeing unused kernel memory: 492K
oct 19 22:41:34 NR021AA kernel: ------------[ cut here ]------------
oct 19 22:41:34 NR021AA kernel: WARNING: CPU: 1 PID: 1 at arch/x86/mm/dump_pagetables.c:235 note_page+0x63c/0x7e0
oct 19 22:41:34 NR021AA kernel: x86/mm: Found insecure W+X mapping at address ffff880000000000/0xffff880000000000
oct 19 22:41:34 NR021AA kernel: Modules linked in:
oct 19 22:41:34 NR021AA kernel: CPU: 1 PID: 1 Comm: swapper/0 Not tainted 4.11.12-100.fc24.x86_64 #1
oct 19 22:41:34 NR021AA kernel: Hardware name: HP-Pavilion NR021AA-ABE p6027es/Boston, BIOS 5.19 03/06/2009
oct 19 22:41:34 NR021AA kernel: Call Trace:
oct 19 22:41:34 NR021AA kernel:  dump_stack+0x63/0x86
oct 19 22:41:34 NR021AA kernel:  __warn+0xcb/0xf0
oct 19 22:41:34 NR021AA kernel:  warn_slowpath_fmt+0x5a/0x80
oct 19 22:41:34 NR021AA kernel:  note_page+0x63c/0x7e0
oct 19 22:41:34 NR021AA kernel:  ptdump_walk_pgd_level_core+0x3b1/0x460
oct 19 22:41:34 NR021AA kernel:  ? 0xffffffff81000000
oct 19 22:41:34 NR021AA kernel:  ptdump_walk_pgd_level_checkwx+0x17/0x20
oct 19 22:41:34 NR021AA kernel:  mark_rodata_ro+0xf4/0x100
oct 19 22:41:34 NR021AA kernel:  ? rest_init+0x80/0x80
oct 19 22:41:34 NR021AA kernel:  kernel_init+0x2a/0x100
oct 19 22:41:34 NR021AA kernel:  ret_from_fork+0x25/0x30
oct 19 22:41:34 NR021AA kernel: ---[ end trace e793c26c8da1816a ]---
oct 19 22:41:34 NR021AA kernel: x86/mm: Checked W+X mappings: FAILED, 5114 W+X pages found.
oct 19 22:41:34 NR021AA kernel: rodata_test: all tests were successful
oct 19 22:41:34 NR021AA systemd[1]: systemd 229 running in system mode. (+PAM +AUDIT +SELINUX +IMA -APPARMOR +SMACK +SYSVINIT +UTMP +LIBCRYPTSETUP +GCRYPT +GNUTLS +ACL +XZ +LZ4 +SECCOMP +BLKID +ELFUTILS +KMOD +IDN)
oct 19 22:41:34 NR021AA systemd[1]: Detected virtualization xen.
oct 19 22:41:34 NR021AA systemd[1]: Detected architecture x86-64.
oct 19 22:41:34 NR021AA systemd[1]: Running in initial RAM disk.
oct 19 22:41:34 NR021AA systemd[1]: Set hostname to <NR021AA>.
oct 19 22:41:34 NR021AA systemd[1]: Reached target Timers.
oct 19 22:41:34 NR021AA systemd[1]: Listening on udev Control Socket.
oct 19 22:41:34 NR021AA systemd[1]: Reached target Swap.
oct 19 22:41:34 NR021AA systemd[1]: Listening on udev Kernel Socket.
oct 19 22:41:34 NR021AA systemd[1]: Listening on Journal Audit Socket.
oct 19 22:41:34 NR021AA kernel: audit: type=1130 audit(1508445694.803:2): pid=1 uid=0 auid=4294967295 ses=4294967295 subj=kernel msg='unit=systemd-modules-load comm="systemd" exe="/usr/lib/systemd/systemd" hostname=? addr=? terminal=? res=failed'
oct 19 22:41:34 NR021AA kernel: audit: type=1130 audit(1508445694.809:3): pid=1 uid=0 auid=4294967295 ses=4294967295 subj=kernel msg='unit=kmod-static-nodes comm="systemd" exe="/usr/lib/systemd/systemd" hostname=? addr=? terminal=? res=success'
oct 19 22:41:34 NR021AA kernel: audit: type=1130 audit(1508445694.816:4): pid=1 uid=0 auid=4294967295 ses=4294967295 subj=kernel msg='unit=systemd-sysctl comm="systemd" exe="/usr/lib/systemd/systemd" hostname=? addr=? terminal=? res=success'
oct 19 22:41:34 NR021AA kernel: audit: type=1130 audit(1508445694.835:5): pid=1 uid=0 auid=4294967295 ses=4294967295 subj=kernel msg='unit=systemd-tmpfiles-setup-dev comm="systemd" exe="/usr/lib/systemd/systemd" hostname=? addr=? terminal=? res=success'
oct 19 22:41:34 NR021AA systemd-journald[158]: Journal started
oct 19 22:41:34 NR021AA audit[1]: SERVICE_START pid=1 uid=0 auid=4294967295 ses=4294967295 subj=kernel msg='unit=systemd-modules-load comm="systemd" exe="/usr/lib/systemd/systemd" hostname=? addr=? terminal=? res=failed'
oct 19 22:41:34 NR021AA audit[1]: SERVICE_START pid=1 uid=0 auid=4294967295 ses=4294967295 subj=kernel msg='unit=kmod-static-nodes comm="systemd" exe="/usr/lib/systemd/systemd" hostname=? addr=? terminal=? res=success'
oct 19 22:41:34 NR021AA audit[1]: SERVICE_START pid=1 uid=0 auid=4294967295 ses=4294967295 subj=kernel msg='unit=systemd-sysctl comm="systemd" exe="/usr/lib/systemd/systemd" hostname=? addr=? terminal=? res=success'
oct 19 22:41:34 NR021AA audit[1]: SERVICE_START pid=1 uid=0 auid=4294967295 ses=4294967295 subj=kernel msg='unit=systemd-tmpfiles-setup-dev comm="systemd" exe="/usr/lib/systemd/systemd" hostname=? addr=? terminal=? res=success'
oct 19 22:41:34 NR021AA systemd-modules-load[159]: Failed to find module 'xen-evtchn'
oct 19 22:41:34 NR021AA systemd-modules-load[159]: Failed to find module 'xen-gntdev'
oct 19 22:41:34 NR021AA audit[1]: SERVICE_START pid=1 uid=0 auid=4294967295 ses=4294967295 subj=kernel msg='unit=systemd-journald comm="systemd" exe="/usr/lib/systemd/systemd" hostname=? addr=? terminal=? res=success'
oct 19 22:41:34 NR021AA systemd-modules-load[159]: Failed to find module 'xen-gntalloc'
oct 19 22:41:34 NR021AA systemd-modules-load[159]: Failed to find module 'xen-blkback'
oct 19 22:41:34 NR021AA systemd-modules-load[159]: Failed to find module 'xen-netback'
oct 19 22:41:34 NR021AA systemd-modules-load[159]: Failed to find module 'xen-pciback'
oct 19 22:41:34 NR021AA kernel: audit: type=1130 audit(1508445694.843:6): pid=1 uid=0 auid=4294967295 ses=4294967295 subj=kernel msg='unit=systemd-journald comm="systemd" exe="/usr/lib/systemd/systemd" hostname=? addr=? terminal=? res=success'
oct 19 22:41:34 NR021AA systemd-modules-load[159]: Failed to find module 'xen-scsiback'
oct 19 22:41:34 NR021AA systemd-modules-load[159]: Failed to find module 'xen-acpi-processor'
oct 19 22:41:34 NR021AA systemd-sysctl[167]: Couldn't write '0' to 'net/bridge/bridge-nf-call-iptables', ignoring: No such file or directory
oct 19 22:41:34 NR021AA systemd-sysctl[167]: Couldn't write '0' to 'net/bridge/bridge-nf-call-ip6tables', ignoring: No such file or directory
oct 19 22:41:34 NR021AA systemd-sysctl[167]: Couldn't write '0' to 'net/bridge/bridge-nf-call-arptables', ignoring: No such file or directory
oct 19 22:41:34 NR021AA dracut-cmdline[161]: dracut-24 (Workstation Edition) dracut-044-18.git20160108.fc24
oct 19 22:41:34 NR021AA dracut-cmdline[161]: Using kernel command line parameters: placeholder root=UUID=c65a12a2-b2c1-4907-bc9c-4102348419af ro rootflags=subvol=root rd.lvm.lv=f24/swap usbhid.quirks=0x1B1C:0x1B13:0x20000408
oct 19 22:41:34 NR021AA systemd[1]: Started Setup Virtual Console.
oct 19 22:41:34 NR021AA audit[1]: SERVICE_START pid=1 uid=0 auid=4294967295 ses=4294967295 subj=kernel msg='unit=systemd-vconsole-setup comm="systemd" exe="/usr/lib/systemd/systemd" hostname=? addr=? terminal=? res=success'
oct 19 22:41:34 NR021AA kernel: audit: type=1130 audit(1508445694.924:7): pid=1 uid=0 auid=4294967295 ses=4294967295 subj=kernel msg='unit=systemd-vconsole-setup comm="systemd" exe="/usr/lib/systemd/systemd" hostname=? addr=? terminal=? res=success'
oct 19 22:41:34 NR021AA kernel: usb 3-2: new low-speed USB device number 2 using uhci_hcd
oct 19 22:41:34 NR021AA kernel: audit: type=1130 audit(1508445694.935:8): pid=1 uid=0 auid=4294967295 ses=4294967295 subj=kernel msg='unit=dracut-cmdline comm="systemd" exe="/usr/lib/systemd/systemd" hostname=? addr=? terminal=? res=success'
oct 19 22:41:34 NR021AA audit[1]: SERVICE_START pid=1 uid=0 auid=4294967295 ses=4294967295 subj=kernel msg='unit=dracut-cmdline comm="systemd" exe="/usr/lib/systemd/systemd" hostname=? addr=? terminal=? res=success'
oct 19 22:41:34 NR021AA systemd[1]: Started dracut cmdline hook.
oct 19 22:41:34 NR021AA systemd[1]: Starting dracut pre-udev hook...
oct 19 22:41:34 NR021AA kernel: audit: type=1130 audit(1508445694.973:9): pid=1 uid=0 auid=4294967295 ses=4294967295 subj=kernel msg='unit=dracut-pre-udev comm="systemd" exe="/usr/lib/systemd/systemd" hostname=? addr=? terminal=? res=success'
oct 19 22:41:34 NR021AA audit[1]: SERVICE_START pid=1 uid=0 auid=4294967295 ses=4294967295 subj=kernel msg='unit=dracut-pre-udev comm="systemd" exe="/usr/lib/systemd/systemd" hostname=? addr=? terminal=? res=success'
oct 19 22:41:34 NR021AA systemd[1]: Started dracut pre-udev hook.
oct 19 22:41:34 NR021AA systemd[1]: Starting udev Kernel Device Manager...
oct 19 22:41:34 NR021AA systemd[1]: Started udev Kernel Device Manager.
oct 19 22:41:34 NR021AA audit[1]: SERVICE_START pid=1 uid=0 auid=4294967295 ses=4294967295 subj=kernel msg='unit=systemd-udevd comm="systemd" exe="/usr/lib/systemd/systemd" hostname=? addr=? terminal=? res=success'
oct 19 22:41:34 NR021AA kernel: audit: type=1130 audit(1508445694.982:10): pid=1 uid=0 auid=4294967295 ses=4294967295 subj=kernel msg='unit=systemd-udevd comm="systemd" exe="/usr/lib/systemd/systemd" hostname=? addr=? terminal=? res=success'
oct 19 22:41:34 NR021AA systemd[1]: Starting udev Coldplug all Devices...
oct 19 22:41:35 NR021AA systemd[1]: Mounting Configuration File System...
oct 19 22:41:35 NR021AA systemd[1]: Mounted Configuration File System.
oct 19 22:41:35 NR021AA systemd[1]: Started udev Coldplug all Devices.
oct 19 22:41:35 NR021AA audit[1]: SERVICE_START pid=1 uid=0 auid=4294967295 ses=4294967295 subj=kernel msg='unit=systemd-udev-trigger comm="systemd" exe="/usr/lib/systemd/systemd" hostname=? addr=? terminal=? res=success'
oct 19 22:41:35 NR021AA systemd[1]: Starting dracut initqueue hook...
oct 19 22:41:35 NR021AA systemd[1]: Reached target System Initialization.
oct 19 22:41:35 NR021AA systemd[1]: Starting Show Plymouth Boot Screen...
oct 19 22:41:35 NR021AA kernel: r8169 Gigabit Ethernet driver 2.3LK-NAPI loaded
oct 19 22:41:35 NR021AA kernel: xen: registering gsi 16 triggering 0 polarity 1
oct 19 22:41:35 NR021AA kernel: Already setup the GSI :16
oct 19 22:41:35 NR021AA kernel: r8169 0000:05:00.0 (unnamed net_device) (uninitialized): not PCI Express
oct 19 22:41:35 NR021AA kernel: r8169 0000:05:00.0 eth0: RTL8169sb/8110sb at 0xffffc9000105d000, 18:a6:f7:01:78:98, XID 10000000 IRQ 16
oct 19 22:41:35 NR021AA kernel: r8169 0000:05:00.0 eth0: jumbo features [frames: 7152 bytes, tx checksumming: ok]
oct 19 22:41:35 NR021AA kernel: usb 3-2: New USB device found, idVendor=046d, idProduct=c05a
oct 19 22:41:35 NR021AA kernel: usb 3-2: New USB device strings: Mfr=1, Product=2, SerialNumber=0
oct 19 22:41:35 NR021AA kernel: usb 3-2: Product: USB Optical Mouse
oct 19 22:41:35 NR021AA kernel: usb 3-2: Manufacturer: Logitech
oct 19 22:41:35 NR021AA kernel: input: Logitech USB Optical Mouse as /devices/pci0000:00/0000:00:1d.1/usb3/3-2/3-2:1.0/0003:046D:C05A.0001/input/input5
oct 19 22:41:35 NR021AA kernel: hid-generic 0003:046D:C05A.0001: input,hidraw0: USB HID v1.11 Mouse [Logitech USB Optical Mouse] on usb-0000:00:1d.1-2/input0
oct 19 22:41:35 NR021AA kernel: r8169 0000:05:00.0 enp5s0: renamed from eth0
oct 19 22:41:35 NR021AA kernel: [drm] radeon kernel modesetting enabled.
oct 19 22:41:35 NR021AA kernel: AMD IOMMUv2 driver by Joerg Roedel <jroedel@suse.de>
oct 19 22:41:35 NR021AA kernel: AMD IOMMUv2 functionality not available on this system
oct 19 22:41:35 NR021AA kernel: CRAT table not found
oct 19 22:41:35 NR021AA kernel: Finished initializing topology ret=0
oct 19 22:41:35 NR021AA kernel: kfd kfd: Initialized module
oct 19 22:41:35 NR021AA kernel: xen: registering gsi 16 triggering 0 polarity 1
oct 19 22:41:35 NR021AA kernel: Already setup the GSI :16
oct 19 22:41:35 NR021AA kernel: [drm] initializing kernel modesetting (CAICOS 0x1002:0x6779 0x174B:0xE199 0x00).
oct 19 22:41:35 NR021AA kernel: [drm] register mmio base: 0xFDCA0000
oct 19 22:41:35 NR021AA kernel: [drm] register mmio size: 131072
oct 19 22:41:35 NR021AA kernel: ATOM BIOS: AMD
oct 19 22:41:35 NR021AA kernel: radeon 0000:01:00.0: VRAM: 2048M 0x0000000000000000 - 0x000000007FFFFFFF (2048M used)
oct 19 22:41:35 NR021AA kernel: radeon 0000:01:00.0: GTT: 1024M 0x0000000080000000 - 0x00000000BFFFFFFF
oct 19 22:41:35 NR021AA kernel: [drm] Detected VRAM RAM=2048M, BAR=256M
oct 19 22:41:35 NR021AA kernel: [drm] RAM width 64bits DDR
oct 19 22:41:35 NR021AA kernel: [TTM] Zone  kernel: Available graphics memory: 1921976 kiB
oct 19 22:41:35 NR021AA kernel: [TTM] Initializing pool allocator
oct 19 22:41:35 NR021AA kernel: [TTM] Initializing DMA pool allocator
oct 19 22:41:35 NR021AA kernel: [drm] radeon: 2048M of VRAM memory ready
oct 19 22:41:35 NR021AA kernel: [drm] radeon: 1024M of GTT memory ready.
oct 19 22:41:35 NR021AA kernel: [drm] Loading CAICOS Microcode
oct 19 22:41:35 NR021AA kernel: [drm] Internal thermal controller without fan control
oct 19 22:41:35 NR021AA kernel: [drm] radeon: dpm initialized
oct 19 22:41:35 NR021AA kernel: [drm] GART: num cpu pages 262144, num gpu pages 262144
oct 19 22:41:35 NR021AA kernel: [drm] PCIE GART of 1024M enabled (table at 0x0000000000162000).
oct 19 22:41:35 NR021AA kernel: radeon 0000:01:00.0: WB enabled
oct 19 22:41:35 NR021AA kernel: radeon 0000:01:00.0: fence driver on ring 0 use gpu addr 0x0000000080000c00 and cpu addr 0xffff880119f19c00
oct 19 22:41:35 NR021AA kernel: radeon 0000:01:00.0: fence driver on ring 3 use gpu addr 0x0000000080000c0c and cpu addr 0xffff880119f19c0c
oct 19 22:41:35 NR021AA kernel: radeon 0000:01:00.0: fence driver on ring 5 use gpu addr 0x0000000000072118 and cpu addr 0xffffc90001832118
oct 19 22:41:35 NR021AA kernel: [drm] Supports vblank timestamp caching Rev 2 (21.10.2013).
oct 19 22:41:35 NR021AA kernel: [drm] Driver supports precise vblank timestamp query.
oct 19 22:41:35 NR021AA kernel: radeon 0000:01:00.0: radeon: MSI limited to 32-bit
oct 19 22:41:35 NR021AA kernel: radeon 0000:01:00.0: radeon: using MSI.
oct 19 22:41:35 NR021AA kernel: [drm] radeon: irq initialized.
oct 19 22:41:35 NR021AA kernel: [drm] ring test on 0 succeeded in 3 usecs
oct 19 22:41:35 NR021AA kernel: [drm] ring test on 3 succeeded in 6 usecs
oct 19 22:41:35 NR021AA systemd[1]: dev-disk-by\x2dpath-pci\x2d0000:00:1f.2\x2data\x2d1.device: Dev dev-disk-by\x2dpath-pci\x2d0000:00:1f.2\x2data\x2d1.device appeared twice with different sysfs paths /sys/devices/pci0000:00/0000:00:1f.2/ata1/host0/target0:0:1/0:0:1:0/block/sr0 and /sys/devices/pci0000:00/0000:00:1f.2/ata1/host0/target0:0:0/0:0:0:0/block/sda
oct 19 22:41:35 NR021AA kernel: [drm] ring test on 5 succeeded in 2 usecs
oct 19 22:41:35 NR021AA kernel: [drm] UVD initialized successfully.
oct 19 22:41:35 NR021AA kernel: [drm] ib test on ring 0 succeeded in 0 usecs
oct 19 22:41:35 NR021AA kernel: [drm] ib test on ring 3 succeeded in 0 usecs
oct 19 22:41:35 NR021AA kernel: raid6: sse2x1   gen()  5339 MB/s
oct 19 22:41:35 NR021AA kernel: raid6: sse2x1   xor()  5599 MB/s
oct 19 22:41:35 NR021AA kernel: raid6: sse2x2   gen()  5953 MB/s
oct 19 22:41:35 NR021AA kernel: raid6: sse2x2   xor()  6833 MB/s
oct 19 22:41:35 NR021AA kernel: raid6: sse2x4   gen()  9687 MB/s
oct 19 22:41:35 NR021AA kernel: raid6: sse2x4   xor()  7673 MB/s
oct 19 22:41:35 NR021AA kernel: raid6: using algorithm sse2x4 gen() 9687 MB/s
oct 19 22:41:35 NR021AA kernel: raid6: .... xor() 7673 MB/s, rmw enabled
oct 19 22:41:35 NR021AA kernel: raid6: using ssse3x2 recovery algorithm
oct 19 22:41:35 NR021AA kernel: xor: measuring software checksum speed
oct 19 22:41:35 NR021AA kernel: clocksource: tsc: mask: 0xffffffffffffffff max_cycles: 0x2fef5f548b9, max_idle_ns: 440795255191 ns
oct 19 22:41:35 NR021AA kernel:    prefetch64-sse: 14128.000 MB/sec
oct 19 22:41:35 NR021AA kernel:    generic_sse: 12416.000 MB/sec
oct 19 22:41:35 NR021AA kernel: xor: using function: prefetch64-sse (14128.000 MB/sec)
oct 19 22:41:35 NR021AA kernel: Btrfs loaded, crc32c=crc32c-generic
oct 19 22:41:35 NR021AA kernel: random: crng init done
oct 19 22:41:35 NR021AA kernel: BTRFS: device label fedora_nr021aa devid 1 transid 3327 /dev/sda7
oct 19 22:41:35 NR021AA systemd[1]: Found device ST1000DM003-1ER162 fedora_nr021aa.
oct 19 22:41:35 NR021AA kernel: usb 4-2: new full-speed USB device number 2 using uhci_hcd
oct 19 22:41:36 NR021AA kernel: usb 4-2: New USB device found, idVendor=1b1c, idProduct=1b3a
oct 19 22:41:36 NR021AA kernel: usb 4-2: New USB device strings: Mfr=1, Product=2, SerialNumber=3
oct 19 22:41:36 NR021AA kernel: usb 4-2: Product: Corsair Gaming K70 RAPIDFIRE Keyboard 
oct 19 22:41:36 NR021AA kernel: usb 4-2: Manufacturer: Corsair
oct 19 22:41:36 NR021AA kernel: usb 4-2: SerialNumber: 0A020028AEC78440567FB2DFF5001947
oct 19 22:41:36 NR021AA kernel: input: Corsair Corsair Gaming K70 RAPIDFIRE Keyboard  as /devices/pci0000:00/0000:00:1d.2/usb4/4-2/4-2:1.0/0003:1B1C:1B3A.0002/input/input6
oct 19 22:41:36 NR021AA kernel: hid-generic 0003:1B1C:1B3A.0002: input,hidraw1: USB HID v1.11 Keyboard [Corsair Corsair Gaming K70 RAPIDFIRE Keyboard ] on usb-0000:00:1d.2-2/input0
oct 19 22:41:36 NR021AA kernel: [drm] ib test on ring 5 succeeded
oct 19 22:41:36 NR021AA kernel: [drm] Radeon Display Connectors
oct 19 22:41:36 NR021AA kernel: [drm] Connector 0:
oct 19 22:41:36 NR021AA kernel: [drm]   HDMI-A-1
oct 19 22:41:36 NR021AA kernel: [drm]   HPD1
oct 19 22:41:36 NR021AA kernel: [drm]   DDC: 0x6460 0x6460 0x6464 0x6464 0x6468 0x6468 0x646c 0x646c
oct 19 22:41:36 NR021AA kernel: [drm]   Encoders:
oct 19 22:41:36 NR021AA kernel: [drm]     DFP1: INTERNAL_UNIPHY1
oct 19 22:41:36 NR021AA kernel: [drm] Connector 1:
oct 19 22:41:36 NR021AA kernel: [drm]   DVI-D-1
oct 19 22:41:36 NR021AA kernel: [drm]   HPD4
oct 19 22:41:36 NR021AA kernel: [drm]   DDC: 0x6440 0x6440 0x6444 0x6444 0x6448 0x6448 0x644c 0x644c
oct 19 22:41:36 NR021AA kernel: [drm]   Encoders:
oct 19 22:41:36 NR021AA kernel: [drm]     DFP2: INTERNAL_UNIPHY
oct 19 22:41:36 NR021AA kernel: [drm] Connector 2:
oct 19 22:41:36 NR021AA kernel: [drm]   VGA-1
oct 19 22:41:36 NR021AA kernel: [drm]   DDC: 0x6430 0x6430 0x6434 0x6434 0x6438 0x6438 0x643c 0x643c
oct 19 22:41:36 NR021AA kernel: [drm]   Encoders:
oct 19 22:41:36 NR021AA kernel: [drm]     CRT1: INTERNAL_KLDSCP_DAC1
oct 19 22:41:36 NR021AA kernel: [drm] fb mappable at 0xD0363000
oct 19 22:41:36 NR021AA kernel: [drm] vram apper at 0xD0000000
oct 19 22:41:36 NR021AA kernel: [drm] size 5324800
oct 19 22:41:36 NR021AA kernel: [drm] fb depth is 24
oct 19 22:41:36 NR021AA kernel: [drm]    pitch is 5888
oct 19 22:41:36 NR021AA kernel: fbcon: radeondrmfb (fb0) is primary device
oct 19 22:41:36 NR021AA kernel: Console: switching to colour frame buffer device 180x56
oct 19 22:41:36 NR021AA kernel: radeon 0000:01:00.0: fb0: radeondrmfb frame buffer device
oct 19 22:41:36 NR021AA kernel: [drm] Initialized radeon 2.49.0 20080528 for 0000:01:00.0 on minor 0
oct 19 22:41:36 NR021AA systemd[1]: Received SIGRTMIN+20 from PID 279 (plymouthd).
oct 19 22:41:36 NR021AA systemd[1]: Started Show Plymouth Boot Screen.
oct 19 22:41:36 NR021AA audit[1]: SERVICE_START pid=1 uid=0 auid=4294967295 ses=4294967295 subj=kernel msg='unit=plymouth-start comm="systemd" exe="/usr/lib/systemd/systemd" hostname=? addr=? terminal=? res=success'
oct 19 22:41:36 NR021AA systemd[1]: Reached target Paths.
oct 19 22:41:36 NR021AA systemd[1]: Started Forward Password Requests to Plymouth Directory Watch.
oct 19 22:41:36 NR021AA systemd[1]: Reached target Basic System.
oct 19 22:41:36 NR021AA kernel: usb 1-8: new high-speed USB device number 4 using ehci-pci
oct 19 22:41:36 NR021AA kernel: clocksource: Switched to clocksource tsc
oct 19 22:41:36 NR021AA kernel: usb 1-8: New USB device found, idVendor=0bda, idProduct=0151
oct 19 22:41:36 NR021AA kernel: usb 1-8: New USB device strings: Mfr=1, Product=2, SerialNumber=3
oct 19 22:41:36 NR021AA kernel: usb 1-8: Product: USB2.0-CRW
oct 19 22:41:36 NR021AA kernel: usb 1-8: Manufacturer: Generic
oct 19 22:41:36 NR021AA kernel: usb 1-8: SerialNumber: 20060413092100000
oct 19 22:41:36 NR021AA kernel: usb-storage 1-8:1.0: USB Mass Storage device detected
oct 19 22:41:36 NR021AA kernel: scsi host2: usb-storage 1-8:1.0
oct 19 22:41:36 NR021AA kernel: usbcore: registered new interface driver usb-storage
oct 19 22:41:36 NR021AA kernel: usbcore: registered new interface driver uas
oct 19 22:41:37 NR021AA kernel: scsi 2:0:0:0: Direct-Access     Generic- Compact Flash    1.00 PQ: 0 ANSI: 0 CCS
oct 19 22:41:37 NR021AA kernel: scsi 2:0:0:1: Direct-Access     Generic- SM/xD-Picture    1.00 PQ: 0 ANSI: 0 CCS
oct 19 22:41:37 NR021AA kernel: scsi 2:0:0:2: Direct-Access     Generic- SD/MMC           1.00 PQ: 0 ANSI: 0 CCS
oct 19 22:41:37 NR021AA kernel: scsi 2:0:0:3: Direct-Access     Generic- MS/MS-Pro        1.00 PQ: 0 ANSI: 0 CCS
oct 19 22:41:37 NR021AA kernel: sd 2:0:0:0: Attached scsi generic sg2 type 0
oct 19 22:41:37 NR021AA kernel: sd 2:0:0:1: Attached scsi generic sg3 type 0
oct 19 22:41:37 NR021AA kernel: sd 2:0:0:2: Attached scsi generic sg4 type 0
oct 19 22:41:37 NR021AA kernel: sd 2:0:0:3: Attached scsi generic sg5 type 0
oct 19 22:41:38 NR021AA kernel: sd 2:0:0:0: [sdb] Attached SCSI removable disk
oct 19 22:41:38 NR021AA kernel: sd 2:0:0:1: [sdc] Attached SCSI removable disk
oct 19 22:41:38 NR021AA kernel: sd 2:0:0:2: [sdd] Attached SCSI removable disk
oct 19 22:41:38 NR021AA kernel: sd 2:0:0:3: [sde] Attached SCSI removable disk
oct 19 22:42:11 NR021AA kernel: usbhid 4-2:1.1: can't add hid device: -110
oct 19 22:42:11 NR021AA kernel: usbhid: probe of 4-2:1.1 failed with error -110
oct 19 22:42:11 NR021AA kernel: usbhid 4-2:1.2: couldn't find an input interrupt endpoint
oct 19 22:42:11 NR021AA kernel: kauditd_printk_skb: 2 callbacks suppressed
oct 19 22:42:11 NR021AA kernel: audit: type=1130 audit(1508445731.891:13): pid=1 uid=0 auid=4294967295 ses=4294967295 subj=kernel msg='unit=dracut-initqueue comm="systemd" exe="/usr/lib/systemd/systemd" hostname=? addr=? terminal=? res=success'
oct 19 22:42:11 NR021AA audit[1]: SERVICE_START pid=1 uid=0 auid=4294967295 ses=4294967295 subj=kernel msg='unit=dracut-initqueue comm="systemd" exe="/usr/lib/systemd/systemd" hostname=? addr=? terminal=? res=success'
oct 19 22:42:11 NR021AA systemd[1]: Started dracut initqueue hook.
oct 19 22:42:11 NR021AA systemd[1]: Starting File System Check on /dev/disk/by-uuid/c65a12a2-b2c1-4907-bc9c-4102348419af...
oct 19 22:42:11 NR021AA systemd[1]: Reached target Remote File Systems (Pre).
oct 19 22:42:11 NR021AA systemd[1]: Reached target Remote File Systems.
oct 19 22:42:12 NR021AA systemd[1]: Started File System Check on /dev/disk/by-uuid/c65a12a2-b2c1-4907-bc9c-4102348419af.
oct 19 22:42:12 NR021AA kernel: audit: type=1130 audit(1508445732.112:14): pid=1 uid=0 auid=4294967295 ses=4294967295 subj=kernel msg='unit=systemd-fsck-root comm="systemd" exe="/usr/lib/systemd/systemd" hostname=? addr=? terminal=? res=success'
oct 19 22:42:12 NR021AA audit[1]: SERVICE_START pid=1 uid=0 auid=4294967295 ses=4294967295 subj=kernel msg='unit=systemd-fsck-root comm="systemd" exe="/usr/lib/systemd/systemd" hostname=? addr=? terminal=? res=success'
oct 19 22:42:12 NR021AA systemd[1]: Mounting /sysroot...
oct 19 22:42:12 NR021AA kernel: BTRFS info (device sda7): disk space caching is enabled
oct 19 22:42:12 NR021AA kernel: BTRFS info (device sda7): has skinny extents
oct 19 22:42:12 NR021AA systemd[1]: Mounted /sysroot.
oct 19 22:42:12 NR021AA systemd[1]: Reached target Initrd Root File System.
oct 19 22:42:12 NR021AA systemd[1]: Starting Reload Configuration from the Real Root...
oct 19 22:42:12 NR021AA systemd[1]: Reloading.
oct 19 22:42:12 NR021AA systemd[1]: Started Reload Configuration from the Real Root.
oct 19 22:42:12 NR021AA audit[1]: SERVICE_START pid=1 uid=0 auid=4294967295 ses=4294967295 subj=kernel msg='unit=initrd-parse-etc comm="systemd" exe="/usr/lib/systemd/systemd" hostname=? addr=? terminal=? res=success'
oct 19 22:42:12 NR021AA audit[1]: SERVICE_STOP pid=1 uid=0 auid=4294967295 ses=4294967295 subj=kernel msg='unit=initrd-parse-etc comm="systemd" exe="/usr/lib/systemd/systemd" hostname=? addr=? terminal=? res=success'
oct 19 22:42:12 NR021AA systemd[1]: Reached target Initrd File Systems.
oct 19 22:42:12 NR021AA kernel: audit: type=1130 audit(1508445732.310:15): pid=1 uid=0 auid=4294967295 ses=4294967295 subj=kernel msg='unit=initrd-parse-etc comm="systemd" exe="/usr/lib/systemd/systemd" hostname=? addr=? terminal=? res=success'
oct 19 22:42:12 NR021AA kernel: audit: type=1131 audit(1508445732.310:16): pid=1 uid=0 auid=4294967295 ses=4294967295 subj=kernel msg='unit=initrd-parse-etc comm="systemd" exe="/usr/lib/systemd/systemd" hostname=? addr=? terminal=? res=success'
oct 19 22:42:12 NR021AA systemd[1]: Reached target Initrd Default Target.
oct 19 22:42:12 NR021AA systemd[1]: Starting dracut pre-pivot and cleanup hook...
oct 19 22:42:12 NR021AA systemd[1]: Started dracut pre-pivot and cleanup hook.
oct 19 22:42:12 NR021AA systemd[1]: Starting Cleaning Up and Shutting Down Daemons...
oct 19 22:42:12 NR021AA audit[1]: SERVICE_START pid=1 uid=0 auid=4294967295 ses=4294967295 subj=kernel msg='unit=dracut-pre-pivot comm="systemd" exe="/usr/lib/systemd/systemd" hostname=? addr=? terminal=? res=success'
oct 19 22:42:12 NR021AA systemd[1]: Stopped target Timers.
oct 19 22:42:12 NR021AA kernel: audit: type=1130 audit(1508445732.470:17): pid=1 uid=0 auid=4294967295 ses=4294967295 subj=kernel msg='unit=dracut-pre-pivot comm="systemd" exe="/usr/lib/systemd/systemd" hostname=? addr=? terminal=? res=success'
oct 19 22:42:12 NR021AA systemd[1]: Starting Plymouth switch root service...
oct 19 22:42:12 NR021AA systemd[1]: Stopped Cleaning Up and Shutting Down Daemons.
oct 19 22:42:12 NR021AA audit[1]: SERVICE_START pid=1 uid=0 auid=4294967295 ses=4294967295 subj=kernel msg='unit=initrd-cleanup comm="systemd" exe="/usr/lib/systemd/systemd" hostname=? addr=? terminal=? res=success'
oct 19 22:42:12 NR021AA audit[1]: SERVICE_STOP pid=1 uid=0 auid=4294967295 ses=4294967295 subj=kernel msg='unit=initrd-cleanup comm="systemd" exe="/usr/lib/systemd/systemd" hostname=? addr=? terminal=? res=success'
oct 19 22:42:12 NR021AA systemd[1]: Stopped dracut pre-pivot and cleanup hook.
oct 19 22:42:12 NR021AA audit[1]: SERVICE_STOP pid=1 uid=0 auid=4294967295 ses=4294967295 subj=kernel msg='unit=dracut-pre-pivot comm="systemd" exe="/usr/lib/systemd/systemd" hostname=? addr=? terminal=? res=success'
oct 19 22:42:12 NR021AA systemd[1]: Stopped target Initrd Default Target.
oct 19 22:42:12 NR021AA kernel: audit: type=1130 audit(1508445732.481:18): pid=1 uid=0 auid=4294967295 ses=4294967295 subj=kernel msg='unit=initrd-cleanup comm="systemd" exe="/usr/lib/systemd/systemd" hostname=? addr=? terminal=? res=success'
oct 19 22:42:12 NR021AA kernel: audit: type=1131 audit(1508445732.481:19): pid=1 uid=0 auid=4294967295 ses=4294967295 subj=kernel msg='unit=initrd-cleanup comm="systemd" exe="/usr/lib/systemd/systemd" hostname=? addr=? terminal=? res=success'
oct 19 22:42:12 NR021AA kernel: audit: type=1131 audit(1508445732.489:20): pid=1 uid=0 auid=4294967295 ses=4294967295 subj=kernel msg='unit=dracut-pre-pivot comm="systemd" exe="/usr/lib/systemd/systemd" hostname=? addr=? terminal=? res=success'
oct 19 22:42:12 NR021AA systemd[1]: Stopped target Basic System.
oct 19 22:42:12 NR021AA kernel: audit: type=1130 audit(1508445732.493:21): pid=1 uid=0 auid=4294967295 ses=4294967295 subj=kernel msg='unit=systemd-sysctl comm="systemd" exe="/usr/lib/systemd/systemd" hostname=? addr=? terminal=? res=success'
oct 19 22:42:12 NR021AA kernel: audit: type=1131 audit(1508445732.493:22): pid=1 uid=0 auid=4294967295 ses=4294967295 subj=kernel msg='unit=systemd-sysctl comm="systemd" exe="/usr/lib/systemd/systemd" hostname=? addr=? terminal=? res=success'
oct 19 22:42:12 NR021AA audit[1]: SERVICE_START pid=1 uid=0 auid=4294967295 ses=4294967295 subj=kernel msg='unit=systemd-sysctl comm="systemd" exe="/usr/lib/systemd/systemd" hostname=? addr=? terminal=? res=success'
oct 19 22:42:12 NR021AA audit[1]: SERVICE_STOP pid=1 uid=0 auid=4294967295 ses=4294967295 subj=kernel msg='unit=systemd-sysctl comm="systemd" exe="/usr/lib/systemd/systemd" hostname=? addr=? terminal=? res=success'
oct 19 22:42:12 NR021AA systemd[1]: Stopped target Sockets.
oct 19 22:42:12 NR021AA systemd[1]: Stopped target Paths.
oct 19 22:42:12 NR021AA systemd[1]: Stopped target Slices.
oct 19 22:42:12 NR021AA systemd[1]: Stopped target Remote File Systems.
oct 19 22:42:12 NR021AA systemd[1]: Stopped target Remote File Systems (Pre).
oct 19 22:42:12 NR021AA systemd[1]: Stopped target System Initialization.
oct 19 22:42:12 NR021AA systemd[1]: Stopped Apply Kernel Variables.
oct 19 22:42:12 NR021AA systemd[1]: Stopped target Local File Systems.
oct 19 22:42:12 NR021AA systemd[1]: Stopped target Swap.
oct 19 22:42:12 NR021AA systemd[1]: Stopping udev Kernel Device Manager...
oct 19 22:42:12 NR021AA systemd[1]: Stopped dracut initqueue hook.
oct 19 22:42:12 NR021AA systemd[1]: Stopped udev Coldplug all Devices.
oct 19 22:42:12 NR021AA audit[1]: SERVICE_START pid=1 uid=0 auid=4294967295 ses=4294967295 subj=kernel msg='unit=dracut-initqueue comm="systemd" exe="/usr/lib/systemd/systemd" hostname=? addr=? terminal=? res=success'
oct 19 22:42:12 NR021AA audit[1]: SERVICE_STOP pid=1 uid=0 auid=4294967295 ses=4294967295 subj=kernel msg='unit=dracut-initqueue comm="systemd" exe="/usr/lib/systemd/systemd" hostname=? addr=? terminal=? res=success'
oct 19 22:42:12 NR021AA audit[1]: SERVICE_START pid=1 uid=0 auid=4294967295 ses=4294967295 subj=kernel msg='unit=systemd-udev-trigger comm="systemd" exe="/usr/lib/systemd/systemd" hostname=? addr=? terminal=? res=success'
oct 19 22:42:12 NR021AA audit[1]: SERVICE_STOP pid=1 uid=0 auid=4294967295 ses=4294967295 subj=kernel msg='unit=systemd-udev-trigger comm="systemd" exe="/usr/lib/systemd/systemd" hostname=? addr=? terminal=? res=success'
oct 19 22:42:12 NR021AA systemd[1]: Stopped udev Kernel Device Manager.
oct 19 22:42:12 NR021AA audit[1]: SERVICE_START pid=1 uid=0 auid=4294967295 ses=4294967295 subj=kernel msg='unit=systemd-udevd comm="systemd" exe="/usr/lib/systemd/systemd" hostname=? addr=? terminal=? res=success'
oct 19 22:42:12 NR021AA audit[1]: SERVICE_STOP pid=1 uid=0 auid=4294967295 ses=4294967295 subj=kernel msg='unit=systemd-udevd comm="systemd" exe="/usr/lib/systemd/systemd" hostname=? addr=? terminal=? res=success'
oct 19 22:42:12 NR021AA systemd[1]: Stopped dracut pre-udev hook.
oct 19 22:42:12 NR021AA audit[1]: SERVICE_START pid=1 uid=0 auid=4294967295 ses=4294967295 subj=kernel msg='unit=dracut-pre-udev comm="systemd" exe="/usr/lib/systemd/systemd" hostname=? addr=? terminal=? res=success'
oct 19 22:42:12 NR021AA audit[1]: SERVICE_STOP pid=1 uid=0 auid=4294967295 ses=4294967295 subj=kernel msg='unit=dracut-pre-udev comm="systemd" exe="/usr/lib/systemd/systemd" hostname=? addr=? terminal=? res=success'
oct 19 22:42:12 NR021AA systemd[1]: Stopped dracut cmdline hook.
oct 19 22:42:12 NR021AA audit[1]: SERVICE_START pid=1 uid=0 auid=4294967295 ses=4294967295 subj=kernel msg='unit=dracut-cmdline comm="systemd" exe="/usr/lib/systemd/systemd" hostname=? addr=? terminal=? res=success'
oct 19 22:42:12 NR021AA audit[1]: SERVICE_STOP pid=1 uid=0 auid=4294967295 ses=4294967295 subj=kernel msg='unit=dracut-cmdline comm="systemd" exe="/usr/lib/systemd/systemd" hostname=? addr=? terminal=? res=success'
oct 19 22:42:12 NR021AA systemd[1]: Stopped Create Static Device Nodes in /dev.
oct 19 22:42:12 NR021AA audit[1]: SERVICE_START pid=1 uid=0 auid=4294967295 ses=4294967295 subj=kernel msg='unit=systemd-tmpfiles-setup-dev comm="systemd" exe="/usr/lib/systemd/systemd" hostname=? addr=? terminal=? res=success'
oct 19 22:42:12 NR021AA audit[1]: SERVICE_STOP pid=1 uid=0 auid=4294967295 ses=4294967295 subj=kernel msg='unit=systemd-tmpfiles-setup-dev comm="systemd" exe="/usr/lib/systemd/systemd" hostname=? addr=? terminal=? res=success'
oct 19 22:42:12 NR021AA systemd[1]: Stopped Create list of required static device nodes for the current kernel.
oct 19 22:42:12 NR021AA audit[1]: SERVICE_START pid=1 uid=0 auid=4294967295 ses=4294967295 subj=kernel msg='unit=kmod-static-nodes comm="systemd" exe="/usr/lib/systemd/systemd" hostname=? addr=? terminal=? res=success'
oct 19 22:42:12 NR021AA audit[1]: SERVICE_STOP pid=1 uid=0 auid=4294967295 ses=4294967295 subj=kernel msg='unit=kmod-static-nodes comm="systemd" exe="/usr/lib/systemd/systemd" hostname=? addr=? terminal=? res=success'
oct 19 22:42:12 NR021AA systemd[1]: Closed udev Control Socket.
oct 19 22:42:12 NR021AA systemd[1]: Closed udev Kernel Socket.
oct 19 22:42:12 NR021AA systemd[1]: Starting Cleanup udevd DB...
oct 19 22:42:12 NR021AA systemd[1]: Started Cleanup udevd DB.
oct 19 22:42:12 NR021AA audit[1]: SERVICE_START pid=1 uid=0 auid=4294967295 ses=4294967295 subj=kernel msg='unit=initrd-udevadm-cleanup-db comm="systemd" exe="/usr/lib/systemd/systemd" hostname=? addr=? terminal=? res=success'
oct 19 22:42:12 NR021AA audit[1]: SERVICE_STOP pid=1 uid=0 auid=4294967295 ses=4294967295 subj=kernel msg='unit=initrd-udevadm-cleanup-db comm="systemd" exe="/usr/lib/systemd/systemd" hostname=? addr=? terminal=? res=success'
oct 19 22:42:12 NR021AA systemd[1]: Reached target Switch Root.
oct 19 22:42:12 NR021AA systemd[1]: Started Plymouth switch root service.
oct 19 22:42:12 NR021AA audit[1]: SERVICE_START pid=1 uid=0 auid=4294967295 ses=4294967295 subj=kernel msg='unit=plymouth-switch-root comm="systemd" exe="/usr/lib/systemd/systemd" hostname=? addr=? terminal=? res=success'
oct 19 22:42:12 NR021AA audit[1]: SERVICE_STOP pid=1 uid=0 auid=4294967295 ses=4294967295 subj=kernel msg='unit=plymouth-switch-root comm="systemd" exe="/usr/lib/systemd/systemd" hostname=? addr=? terminal=? res=success'
oct 19 22:42:12 NR021AA systemd[1]: Starting Switch Root...
oct 19 22:42:12 NR021AA systemd[1]: Switching root.
oct 19 22:42:12 NR021AA systemd-journald[158]: Journal stopped
oct 19 20:42:14 NR021AA systemd-journald[438]: Runtime journal (/run/log/journal/) is 8.0M, max 187.6M, 179.6M free.
oct 19 20:42:14 NR021AA systemd-journald[158]: Received SIGTERM from PID 1 (systemd).
oct 19 20:42:14 NR021AA kernel: systemd: 21 output lines suppressed due to ratelimiting
oct 19 20:42:14 NR021AA kernel: SELinux: 32768 avtab hash slots, 104788 rules.
oct 19 20:42:14 NR021AA kernel: SELinux: 32768 avtab hash slots, 104788 rules.
oct 19 20:42:14 NR021AA kernel: SELinux:  8 users, 14 roles, 5012 types, 303 bools, 1 sens, 1024 cats
oct 19 20:42:14 NR021AA kernel: SELinux:  92 classes, 104788 rules
oct 19 20:42:14 NR021AA kernel: SELinux:  Permission validate_trans in class security not defined in policy.
oct 19 20:42:14 NR021AA kernel: SELinux:  Permission module_load in class system not defined in policy.
oct 19 20:42:14 NR021AA kernel: SELinux:  Class cap_userns not defined in policy.
oct 19 20:42:14 NR021AA kernel: SELinux:  Class cap2_userns not defined in policy.
oct 19 20:42:14 NR021AA kernel: SELinux:  Class sctp_socket not defined in policy.
oct 19 20:42:14 NR021AA kernel: SELinux:  Class icmp_socket not defined in policy.
oct 19 20:42:14 NR021AA kernel: SELinux:  Class ax25_socket not defined in policy.
oct 19 20:42:14 NR021AA kernel: SELinux:  Class ipx_socket not defined in policy.
oct 19 20:42:14 NR021AA kernel: SELinux:  Class netrom_socket not defined in policy.
oct 19 20:42:14 NR021AA kernel: SELinux:  Class atmpvc_socket not defined in policy.
oct 19 20:42:14 NR021AA kernel: SELinux:  Class x25_socket not defined in policy.
oct 19 20:42:14 NR021AA kernel: SELinux:  Class rose_socket not defined in policy.
oct 19 20:42:14 NR021AA kernel: SELinux:  Class decnet_socket not defined in policy.
oct 19 20:42:14 NR021AA kernel: SELinux:  Class atmsvc_socket not defined in policy.
oct 19 20:42:14 NR021AA kernel: SELinux:  Class rds_socket not defined in policy.
oct 19 20:42:14 NR021AA kernel: SELinux:  Class irda_socket not defined in policy.
oct 19 20:42:14 NR021AA kernel: SELinux:  Class pppox_socket not defined in policy.
oct 19 20:42:14 NR021AA kernel: SELinux:  Class llc_socket not defined in policy.
oct 19 20:42:14 NR021AA kernel: SELinux:  Class can_socket not defined in policy.
oct 19 20:42:14 NR021AA kernel: SELinux:  Class tipc_socket not defined in policy.
oct 19 20:42:14 NR021AA kernel: SELinux:  Class bluetooth_socket not defined in policy.
oct 19 20:42:14 NR021AA kernel: SELinux:  Class iucv_socket not defined in policy.
oct 19 20:42:14 NR021AA kernel: SELinux:  Class rxrpc_socket not defined in policy.
oct 19 20:42:14 NR021AA kernel: SELinux:  Class isdn_socket not defined in policy.
oct 19 20:42:14 NR021AA kernel: SELinux:  Class phonet_socket not defined in policy.
oct 19 20:42:14 NR021AA kernel: SELinux:  Class ieee802154_socket not defined in policy.
oct 19 20:42:14 NR021AA kernel: SELinux:  Class caif_socket not defined in policy.
oct 19 20:42:14 NR021AA kernel: SELinux:  Class alg_socket not defined in policy.
oct 19 20:42:14 NR021AA kernel: SELinux:  Class nfc_socket not defined in policy.
oct 19 20:42:14 NR021AA kernel: SELinux:  Class vsock_socket not defined in policy.
oct 19 20:42:14 NR021AA kernel: SELinux:  Class kcm_socket not defined in policy.
oct 19 20:42:14 NR021AA kernel: SELinux:  Class qipcrtr_socket not defined in policy.
oct 19 20:42:14 NR021AA kernel: SELinux:  Class smc_socket not defined in policy.
oct 19 20:42:14 NR021AA kernel: SELinux: the above unknown classes and permissions will be allowed
oct 19 20:42:14 NR021AA kernel: SELinux:  Completing initialization.
oct 19 20:42:14 NR021AA kernel: SELinux:  Setting up existing superblocks.
oct 19 20:42:14 NR021AA systemd[1]: Successfully loaded SELinux policy in 155.557ms.
oct 19 20:42:14 NR021AA systemd[1]: RTC configured in localtime, applying delta of 120 minutes to system time.
oct 19 20:42:14 NR021AA systemd[1]: Relabelled /dev and /run in 18.458ms.
oct 19 20:42:14 NR021AA systemd-journald[438]: Journal started
oct 19 22:42:13 NR021AA audit: MAC_STATUS enforcing=1 old_enforcing=0 auid=4294967295 ses=4294967295
oct 19 22:42:13 NR021AA audit: MAC_POLICY_LOAD policy loaded auid=4294967295 ses=4294967295
oct 19 20:42:14 NR021AA audit[1]: SERVICE_START pid=1 uid=0 auid=4294967295 ses=4294967295 subj=system_u:system_r:init_t:s0 msg='unit=systemd-journald comm="systemd" exe="/usr/lib/systemd/systemd" hostname=? addr=? terminal=? res=success'
oct 19 20:42:14 NR021AA audit[1]: SERVICE_STOP pid=1 uid=0 auid=4294967295 ses=4294967295 subj=system_u:system_r:init_t:s0 msg='unit=systemd-journald comm="systemd" exe="/usr/lib/systemd/systemd" hostname=? addr=? terminal=? res=success'
oct 19 20:42:14 NR021AA audit[1]: SERVICE_START pid=1 uid=0 auid=4294967295 ses=4294967295 subj=system_u:system_r:init_t:s0 msg='unit=initrd-switch-root comm="systemd" exe="/usr/lib/systemd/systemd" hostname=? addr=? terminal=? res=success'
oct 19 20:42:14 NR021AA audit[1]: SERVICE_STOP pid=1 uid=0 auid=4294967295 ses=4294967295 subj=system_u:system_r:init_t:s0 msg='unit=initrd-switch-root comm="systemd" exe="/usr/lib/systemd/systemd" hostname=? addr=? terminal=? res=success'
oct 19 20:42:14 NR021AA audit[1]: SERVICE_START pid=1 uid=0 auid=4294967295 ses=4294967295 subj=system_u:system_r:init_t:s0 msg='unit=systemd-journald comm="systemd" exe="/usr/lib/systemd/systemd" hostname=? addr=? terminal=? res=success'
oct 19 20:42:14 NR021AA audit[1]: SERVICE_STOP pid=1 uid=0 auid=4294967295 ses=4294967295 subj=system_u:system_r:init_t:s0 msg='unit=systemd-journald comm="systemd" exe="/usr/lib/systemd/systemd" hostname=? addr=? terminal=? res=success'
oct 19 20:42:14 NR021AA audit[1]: SERVICE_START pid=1 uid=0 auid=4294967295 ses=4294967295 subj=system_u:system_r:init_t:s0 msg='unit=systemd-fsck-root comm="systemd" exe="/usr/lib/systemd/systemd" hostname=? addr=? terminal=? res=success'
oct 19 20:42:14 NR021AA audit[1]: SERVICE_STOP pid=1 uid=0 auid=4294967295 ses=4294967295 subj=system_u:system_r:init_t:s0 msg='unit=systemd-fsck-root comm="systemd" exe="/usr/lib/systemd/systemd" hostname=? addr=? terminal=? res=success'
oct 19 20:42:14 NR021AA audit: CONFIG_CHANGE audit_enabled=1 old=1 auid=4294967295 ses=4294967295 subj=system_u:system_r:syslogd_t:s0 res=1
oct 19 20:42:13 NR021AA systemd[1]: systemd 229 running in system mode. (+PAM +AUDIT +SELINUX +IMA -APPARMOR +SMACK +SYSVINIT +UTMP +LIBCRYPTSETUP +GCRYPT +GNUTLS +ACL +XZ +LZ4 +SECCOMP +BLKID +ELFUTILS +KMOD +IDN)
oct 19 20:42:13 NR021AA systemd[1]: Detected virtualization xen.
oct 19 20:42:13 NR021AA systemd[1]: Detected architecture x86-64.
oct 19 20:42:13 NR021AA systemd[1]: Set hostname to <NR021AA>.
oct 19 20:42:14 NR021AA systemd[416]: /usr/lib/systemd/system-generators/anaconda-generator failed with error code 1.
oct 19 20:42:14 NR021AA systemd-modules-load[439]: Failed to insert 'xen_evtchn': Operation not permitted
oct 19 20:42:14 NR021AA systemd-modules-load[439]: Failed to insert 'xen_gntdev': Operation not permitted
oct 19 20:42:14 NR021AA systemd-modules-load[439]: Failed to insert 'xen_gntalloc': Operation not permitted
oct 19 20:42:14 NR021AA systemd-modules-load[439]: Failed to insert 'xen_blkback': Operation not permitted
oct 19 20:42:14 NR021AA systemd-modules-load[439]: Failed to insert 'xen_netback': Operation not permitted
oct 19 20:42:14 NR021AA systemd-modules-load[439]: Failed to insert 'xen_pciback': Operation not permitted
oct 19 20:42:14 NR021AA audit[1]: SERVICE_START pid=1 uid=0 auid=4294967295 ses=4294967295 subj=system_u:system_r:init_t:s0 msg='unit=systemd-journald comm="systemd" exe="/usr/lib/systemd/systemd" hostname=? addr=? terminal=? res=success'
oct 19 20:42:14 NR021AA systemd-modules-load[439]: Failed to insert 'xen_scsiback': Operation not permitted
oct 19 20:42:14 NR021AA systemd[1]: Started Create list of required static device nodes for the current kernel.
oct 19 20:42:14 NR021AA audit[1]: SERVICE_START pid=1 uid=0 auid=4294967295 ses=4294967295 subj=system_u:system_r:init_t:s0 msg='unit=kmod-static-nodes comm="systemd" exe="/usr/lib/systemd/systemd" hostname=? addr=? terminal=? res=success'
oct 19 20:42:14 NR021AA systemd[1]: Started LVM2 metadata daemon.
oct 19 20:42:14 NR021AA audit[1]: SERVICE_START pid=1 uid=0 auid=4294967295 ses=4294967295 subj=system_u:system_r:init_t:s0 msg='unit=lvm2-lvmetad comm="systemd" exe="/usr/lib/systemd/systemd" hostname=? addr=? terminal=? res=success'
oct 19 20:42:14 NR021AA kernel: BTRFS info (device sda7): disk space caching is enabled
oct 19 20:42:14 NR021AA systemd[1]: Mounted Debug File System.
oct 19 20:42:14 NR021AA systemd[1]: Mounted POSIX Message Queue File System.
oct 19 20:42:14 NR021AA systemd[1]: Mounted Temporary Directory.
oct 19 20:42:14 NR021AA systemd[1]: Started Remount Root and Kernel File Systems.
oct 19 20:42:14 NR021AA audit[1]: SERVICE_START pid=1 uid=0 auid=4294967295 ses=4294967295 subj=system_u:system_r:init_t:s0 msg='unit=systemd-remount-fs comm="systemd" exe="/usr/lib/systemd/systemd" hostname=? addr=? terminal=? res=success'
oct 19 20:42:14 NR021AA systemd[1]: Starting Configure read-only root support...
oct 19 20:42:14 NR021AA systemd[1]: Starting Flush Journal to Persistent Storage...
oct 19 20:42:14 NR021AA systemd[1]: Starting Create Static Device Nodes in /dev...
oct 19 20:42:14 NR021AA systemd-modules-load[439]: Failed to insert 'xen_acpi_processor': Operation not permitted
oct 19 20:42:14 NR021AA systemd[1]: Starting udev Coldplug all Devices...
oct 19 20:42:14 NR021AA systemd[1]: systemd-modules-load.service: Main process exited, code=exited, status=1/FAILURE
oct 19 20:42:14 NR021AA audit[1]: SERVICE_START pid=1 uid=0 auid=4294967295 ses=4294967295 subj=system_u:system_r:init_t:s0 msg='unit=systemd-modules-load comm="systemd" exe="/usr/lib/systemd/systemd" hostname=? addr=? terminal=? res=failed'
oct 19 20:42:14 NR021AA systemd[1]: Failed to start Load Kernel Modules.
oct 19 20:42:14 NR021AA systemd[1]: systemd-modules-load.service: Unit entered failed state.
oct 19 20:42:14 NR021AA systemd[1]: systemd-modules-load.service: Failed with result 'exit-code'.
oct 19 20:42:14 NR021AA systemd[1]: Starting Apply Kernel Variables...
oct 19 20:42:15 NR021AA kernel: xen:xen_evtchn: Event-channel device installed
oct 19 20:42:15 NR021AA audit[1]: SERVICE_START pid=1 uid=0 auid=4294967295 ses=4294967295 subj=system_u:system_r:init_t:s0 msg='unit=fedora-loadmodules comm="systemd" exe="/usr/lib/systemd/systemd" hostname=? addr=? terminal=? res=success'
oct 19 20:42:15 NR021AA systemd[1]: Started Load legacy module configuration.
oct 19 20:42:15 NR021AA systemd-sysctl[465]: Couldn't write '0' to 'net/bridge/bridge-nf-call-ip6tables', ignoring: No such file or directory
oct 19 20:42:15 NR021AA systemd-sysctl[465]: Couldn't write '0' to 'net/bridge/bridge-nf-call-arptables', ignoring: No such file or directory
oct 19 20:42:15 NR021AA systemd-sysctl[465]: Couldn't write '0' to 'net/bridge/bridge-nf-call-iptables', ignoring: No such file or directory
oct 19 20:42:15 NR021AA systemd[1]: Started Apply Kernel Variables.
oct 19 20:42:15 NR021AA audit[1]: SERVICE_START pid=1 uid=0 auid=4294967295 ses=4294967295 subj=system_u:system_r:init_t:s0 msg='unit=systemd-sysctl comm="systemd" exe="/usr/lib/systemd/systemd" hostname=? addr=? terminal=? res=success'
oct 19 20:42:15 NR021AA systemd[1]: Mounted Mount /proc/xen files.
oct 19 20:42:15 NR021AA systemd[1]: Started udev Coldplug all Devices.
oct 19 20:42:15 NR021AA audit[1]: SERVICE_START pid=1 uid=0 auid=4294967295 ses=4294967295 subj=system_u:system_r:init_t:s0 msg='unit=systemd-udev-trigger comm="systemd" exe="/usr/lib/systemd/systemd" hostname=? addr=? terminal=? res=success'
oct 19 20:42:15 NR021AA systemd[1]: Starting udev Wait for Complete Device Initialization...
oct 19 20:42:15 NR021AA systemd-journald[438]: System journal (/var/log/journal/) is 120.0M, max 2.0G, 1.8G free.
oct 19 20:42:17 NR021AA systemd-journald[438]: Time spent on flushing to /var is 2.249901s for 983 entries.
oct 19 20:42:24 NR021AA kernel: RPC: Registered named UNIX socket transport module.
oct 19 20:42:25 NR021AA kernel: RPC: Registered udp transport module.
oct 19 20:42:25 NR021AA kernel: RPC: Registered tcp transport module.
oct 19 20:42:25 NR021AA kernel: RPC: Registered tcp NFSv4.1 backchannel transport module.
oct 19 20:42:25 NR021AA kernel: Installing knfsd (copyright (C) 1996 okir@monad.swb.de).
oct 19 20:42:25 NR021AA kernel: intel_rng: FWH not detected
oct 19 20:42:25 NR021AA kernel: shpchp: Standard Hot Plug PCI Controller Driver version: 0.4
oct 19 20:42:25 NR021AA kernel: ACPI Warning: SystemIO range 0x0000000000000428-0x000000000000042F conflicts with OpRegion 0x0000000000000429-0x0000000000000429 (\PM2S) (20170119/utaddress-247)
oct 19 20:42:25 NR021AA kernel: ACPI: If an ACPI driver is available for this device, you should use it instead of the native driver
oct 19 20:42:25 NR021AA kernel: ACPI Warning: SystemIO range 0x00000000000004B0-0x00000000000004BF conflicts with OpRegion 0x00000000000004B8-0x00000000000004BB (\GPO2) (20170119/utaddress-247)
oct 19 20:42:25 NR021AA kernel: ACPI: If an ACPI driver is available for this device, you should use it instead of the native driver
oct 19 20:42:25 NR021AA kernel: ACPI Warning: SystemIO range 0x0000000000000480-0x00000000000004AF conflicts with OpRegion 0x000000000000048C-0x000000000000048F (\GPO) (20170119/utaddress-247)
oct 19 20:42:25 NR021AA kernel: ACPI: If an ACPI driver is available for this device, you should use it instead of the native driver
oct 19 20:42:25 NR021AA kernel: lpc_ich: Resource conflict(s) found affecting gpio_ich
oct 19 20:42:25 NR021AA kernel: leds_ss4200: no LED devices found
oct 19 20:42:25 NR021AA kernel: xen: registering gsi 19 triggering 0 polarity 1
oct 19 20:42:25 NR021AA kernel: Already setup the GSI :19
oct 19 20:42:25 NR021AA kernel: i801_smbus 0000:00:1f.3: SMBus using PCI interrupt
oct 19 20:42:25 NR021AA kernel: intel_powerclamp: No package C-state available
oct 19 20:42:25 NR021AA kernel: xen: registering gsi 16 triggering 0 polarity 1
oct 19 20:42:25 NR021AA kernel: Already setup the GSI :16
oct 19 20:42:25 NR021AA kernel: xen: registering gsi 17 triggering 0 polarity 1
oct 19 20:42:25 NR021AA kernel: xen: --> pirq=17 -> irq=17 (gsi=17)
oct 19 20:42:25 NR021AA kernel: snd_hda_intel 0000:01:00.1: Handle vga_switcheroo audio client
oct 19 20:42:25 NR021AA kernel: input: HDA ATI HDMI HDMI/DP,pcm=3 as /devices/pci0000:00/0000:00:01.0/0000:01:00.1/sound/card1/input7
oct 19 20:42:25 NR021AA kernel: kauditd_printk_skb: 43 callbacks suppressed
oct 19 20:42:25 NR021AA kernel: audit: type=1130 audit(1508438536.932:66): pid=1 uid=0 auid=4294967295 ses=4294967295 subj=system_u:system_r:init_t:s0 msg='unit=systemd-modules-load comm="systemd" exe="/usr/lib/systemd/systemd" hostname=? addr=? terminal=? res=failed'
oct 19 20:42:25 NR021AA kernel: snd_hda_codec_realtek hdaudioC0D0: ALC662 rev1: SKU not ready 0x411111f0
oct 19 20:42:25 NR021AA kernel: snd_hda_codec_realtek hdaudioC0D0: autoconfig for ALC662 rev1: line_outs=1 (0x14/0x0/0x0/0x0/0x0) type:line
oct 19 20:42:25 NR021AA kernel: snd_hda_codec_realtek hdaudioC0D0:    speaker_outs=0 (0x0/0x0/0x0/0x0/0x0)
oct 19 20:42:25 NR021AA kernel: snd_hda_codec_realtek hdaudioC0D0:    hp_outs=1 (0x1b/0x0/0x0/0x0/0x0)
oct 19 20:42:25 NR021AA kernel: snd_hda_codec_realtek hdaudioC0D0:    mono: mono_out=0x0
oct 19 20:42:25 NR021AA kernel: snd_hda_codec_realtek hdaudioC0D0:    inputs:
oct 19 20:42:25 NR021AA kernel: snd_hda_codec_realtek hdaudioC0D0:      Rear Mic=0x18
oct 19 20:42:25 NR021AA kernel: snd_hda_codec_realtek hdaudioC0D0:      Front Mic=0x19
oct 19 20:42:25 NR021AA kernel: snd_hda_codec_realtek hdaudioC0D0:      Line=0x15
oct 19 20:42:25 NR021AA kernel: input: HDA Intel Rear Mic as /devices/pci0000:00/0000:00:1b.0/sound/card0/input8
oct 19 20:42:25 NR021AA kernel: input: HDA Intel Front Mic as /devices/pci0000:00/0000:00:1b.0/sound/card0/input9
oct 19 20:42:25 NR021AA kernel: input: HDA Intel Line as /devices/pci0000:00/0000:00:1b.0/sound/card0/input10
oct 19 20:42:25 NR021AA kernel: input: HDA Intel Line Out as /devices/pci0000:00/0000:00:1b.0/sound/card0/input11
oct 19 20:42:25 NR021AA kernel: input: HDA Intel Front Headphone as /devices/pci0000:00/0000:00:1b.0/sound/card0/input12
oct 19 20:42:25 NR021AA kernel: iTCO_vendor_support: vendor-support=0
oct 19 20:42:25 NR021AA kernel: iTCO_wdt: Intel TCO WatchDog Timer Driver v1.11
oct 19 20:42:25 NR021AA kernel: iTCO_wdt: Found a ICH7 or ICH7R TCO device (Version=2, TCOBASE=0x0460)
oct 19 20:42:25 NR021AA kernel: iTCO_wdt: initialized. heartbeat=30 sec (nowayout=0)
oct 19 20:42:25 NR021AA kernel: Adding 3145724k swap on /dev/sda8.  Priority:-1 extents:1 across:3145724k FS
oct 19 20:42:25 NR021AA kernel: audit: type=1130 audit(1508438539.255:67): pid=1 uid=0 auid=4294967295 ses=4294967295 subj=system_u:system_r:init_t:s0 msg='unit=systemd-udev-settle comm="systemd" exe="/usr/lib/systemd/systemd" hostname=? addr=? terminal=? res=success'
oct 19 20:42:25 NR021AA kernel: audit: type=1130 audit(1508438539.267:68): pid=1 uid=0 auid=4294967295 ses=4294967295 subj=system_u:system_r:init_t:s0 msg='unit=lvm2-pvscan@8:5 comm="systemd" exe="/usr/lib/systemd/systemd" hostname=? addr=? terminal=? res=success'
oct 19 20:42:25 NR021AA kernel: audit: type=1130 audit(1508438541.743:69): pid=1 uid=0 auid=4294967295 ses=4294967295 subj=system_u:system_r:init_t:s0 msg='unit=lvm2-pvscan@8:3 comm="systemd" exe="/usr/lib/systemd/systemd" hostname=? addr=? terminal=? res=success'
oct 19 20:42:25 NR021AA kernel: audit: type=1130 audit(1508438544.984:70): pid=1 uid=0 auid=4294967295 ses=4294967295 subj=system_u:system_r:init_t:s0 msg='unit=systemd-journal-flush comm="systemd" exe="/usr/lib/systemd/systemd" hostname=? addr=? terminal=? res=success'
oct 19 20:42:15 NR021AA audit[1]: SERVICE_START pid=1 uid=0 auid=4294967295 ses=4294967295 subj=system_u:system_r:init_t:s0 msg='unit=systemd-tmpfiles-setup-dev comm="systemd" exe="/usr/lib/systemd/systemd" hostname=? addr=? terminal=? res=success'
oct 19 20:42:16 NR021AA audit[1]: SERVICE_START pid=1 uid=0 auid=4294967295 ses=4294967295 subj=system_u:system_r:init_t:s0 msg='unit=lvm2-monitor comm="systemd" exe="/usr/lib/systemd/systemd" hostname=? addr=? terminal=? res=success'
oct 19 20:42:16 NR021AA audit[1]: SERVICE_START pid=1 uid=0 auid=4294967295 ses=4294967295 subj=system_u:system_r:init_t:s0 msg='unit=systemd-udevd comm="systemd" exe="/usr/lib/systemd/systemd" hostname=? addr=? terminal=? res=success'
oct 19 20:42:16 NR021AA audit[1]: SERVICE_START pid=1 uid=0 auid=4294967295 ses=4294967295 subj=system_u:system_r:init_t:s0 msg='unit=fedora-readonly comm="systemd" exe="/usr/lib/systemd/systemd" hostname=? addr=? terminal=? res=success'
oct 19 20:42:16 NR021AA audit[1]: SERVICE_START pid=1 uid=0 auid=4294967295 ses=4294967295 subj=system_u:system_r:init_t:s0 msg='unit=systemd-modules-load comm="systemd" exe="/usr/lib/systemd/systemd" hostname=? addr=? terminal=? res=failed'
oct 19 20:42:16 NR021AA audit[1]: SERVICE_START pid=1 uid=0 auid=4294967295 ses=4294967295 subj=system_u:system_r:init_t:s0 msg='unit=systemd-random-seed comm="systemd" exe="/usr/lib/systemd/systemd" hostname=? addr=? terminal=? res=success'
